Archive member included to satisfy reference by file (symbol)

c:/intelfpga/18.1/nios2eds/bin/gnu/h-x86_64-mingw32/bin/../lib/gcc/nios2-elf/5.3.0\libgcc.a(adddf3.o)
                              obj/default/scchart_heart.o (__adddf3)
c:/intelfpga/18.1/nios2eds/bin/gnu/h-x86_64-mingw32/bin/../lib/gcc/nios2-elf/5.3.0\libgcc.a(gedf2.o)
                              obj/default/scchart_heart.o (__gedf2)
c:/intelfpga/18.1/nios2eds/bin/gnu/h-x86_64-mingw32/bin/../lib/gcc/nios2-elf/5.3.0\libgcc.a(ledf2.o)
                              obj/default/scchart_heart.o (__ltdf2)
c:/intelfpga/18.1/nios2eds/bin/gnu/h-x86_64-mingw32/bin/../lib/gcc/nios2-elf/5.3.0\libgcc.a(subdf3.o)
                              obj/default/scchart_heart.o (__subdf3)
c:/intelfpga/18.1/nios2eds/bin/gnu/h-x86_64-mingw32/bin/../lib/gcc/nios2-elf/5.3.0\libgcc.a(floatsidf.o)
                              obj/default/scchart_heart.o (__floatsidf)
c:/intelfpga/18.1/nios2eds/bin/gnu/h-x86_64-mingw32/bin/../lib/gcc/nios2-elf/5.3.0\libgcc.a(_clzsi2.o)
                              c:/intelfpga/18.1/nios2eds/bin/gnu/h-x86_64-mingw32/bin/../lib/gcc/nios2-elf/5.3.0\libgcc.a(adddf3.o) (__clzsi2)
c:/intelfpga/18.1/nios2eds/bin/gnu/h-x86_64-mingw32/bin/../lib/gcc/nios2-elf/5.3.0\libgcc.a(_clz.o)
                              c:/intelfpga/18.1/nios2eds/bin/gnu/h-x86_64-mingw32/bin/../lib/gcc/nios2-elf/5.3.0\libgcc.a(_clzsi2.o) (__clz_tab)
../303_2_bsp/\libhal_bsp.a(alt_alarm_start.o)
                              obj/default/c_heart.o (alt_alarm_start)
../303_2_bsp/\libhal_bsp.a(alt_load.o)
                              ../303_2_bsp//obj/HAL/src/crt0.o (alt_load)
../303_2_bsp/\libhal_bsp.a(alt_main.o)
                              ../303_2_bsp//obj/HAL/src/crt0.o (alt_main)
../303_2_bsp/\libhal_bsp.a(alt_tick.o)
                              ../303_2_bsp/\libhal_bsp.a(alt_alarm_start.o) (_alt_tick_rate)
../303_2_bsp/\libhal_bsp.a(alt_sys_init.o)
                              ../303_2_bsp/\libhal_bsp.a(alt_main.o) (alt_irq_init)
../303_2_bsp/\libhal_bsp.a(altera_avalon_jtag_uart_fd.o)
                              ../303_2_bsp/\libhal_bsp.a(alt_sys_init.o) (altera_avalon_jtag_uart_read_fd)
../303_2_bsp/\libhal_bsp.a(altera_avalon_jtag_uart_init.o)
                              ../303_2_bsp/\libhal_bsp.a(alt_sys_init.o) (altera_avalon_jtag_uart_init)
../303_2_bsp/\libhal_bsp.a(altera_avalon_jtag_uart_ioctl.o)
                              ../303_2_bsp/\libhal_bsp.a(altera_avalon_jtag_uart_fd.o) (altera_avalon_jtag_uart_ioctl)
../303_2_bsp/\libhal_bsp.a(altera_avalon_jtag_uart_read.o)
                              ../303_2_bsp/\libhal_bsp.a(altera_avalon_jtag_uart_fd.o) (altera_avalon_jtag_uart_read)
../303_2_bsp/\libhal_bsp.a(altera_avalon_jtag_uart_write.o)
                              ../303_2_bsp/\libhal_bsp.a(altera_avalon_jtag_uart_fd.o) (altera_avalon_jtag_uart_write)
../303_2_bsp/\libhal_bsp.a(altera_avalon_lcd_16207.o)
                              ../303_2_bsp/\libhal_bsp.a(alt_sys_init.o) (altera_avalon_lcd_16207_init)
../303_2_bsp/\libhal_bsp.a(altera_avalon_lcd_16207_fd.o)
                              ../303_2_bsp/\libhal_bsp.a(alt_sys_init.o) (altera_avalon_lcd_16207_write_fd)
../303_2_bsp/\libhal_bsp.a(altera_avalon_timer_sc.o)
                              ../303_2_bsp/\libhal_bsp.a(alt_sys_init.o) (alt_avalon_timer_sc_init)
../303_2_bsp/\libhal_bsp.a(altera_avalon_uart_fd.o)
                              ../303_2_bsp/\libhal_bsp.a(alt_sys_init.o) (altera_avalon_uart_read_fd)
../303_2_bsp/\libhal_bsp.a(altera_avalon_uart_init.o)
                              ../303_2_bsp/\libhal_bsp.a(alt_sys_init.o) (altera_avalon_uart_init)
../303_2_bsp/\libhal_bsp.a(altera_avalon_uart_read.o)
                              ../303_2_bsp/\libhal_bsp.a(altera_avalon_uart_fd.o) (altera_avalon_uart_read)
../303_2_bsp/\libhal_bsp.a(altera_avalon_uart_write.o)
                              ../303_2_bsp/\libhal_bsp.a(altera_avalon_uart_fd.o) (altera_avalon_uart_write)
../303_2_bsp/\libhal_bsp.a(alt_close.o)
                              ../303_2_bsp/\libhal_bsp.a(alt_main.o) (close)
../303_2_bsp/\libhal_bsp.a(alt_dcache_flush_all.o)
                              ../303_2_bsp/\libhal_bsp.a(alt_load.o) (alt_dcache_flush_all)
../303_2_bsp/\libhal_bsp.a(alt_dev.o)
                              ../303_2_bsp/\libhal_bsp.a(alt_sys_init.o) (alt_dev_list)
../303_2_bsp/\libhal_bsp.a(alt_dev_llist_insert.o)
                              ../303_2_bsp/\libhal_bsp.a(alt_sys_init.o) (alt_dev_llist_insert)
../303_2_bsp/\libhal_bsp.a(alt_do_ctors.o)
                              ../303_2_bsp/\libhal_bsp.a(alt_main.o) (_do_ctors)
../303_2_bsp/\libhal_bsp.a(alt_do_dtors.o)
                              ../303_2_bsp/\libhal_bsp.a(alt_main.o) (_do_dtors)
../303_2_bsp/\libhal_bsp.a(alt_errno.o)
                              ../303_2_bsp/\libhal_bsp.a(altera_avalon_uart_read.o) (alt_errno)
../303_2_bsp/\libhal_bsp.a(alt_icache_flush_all.o)
[...]
Memory Configuration

Name             Origin             Length             Attributes
reset            0x0000000000800000 0x0000000000000020
sdram            0x0000000000800020 0x00000000007fffe0
onchip_mem       0x0000000001008000 0x0000000000007800
*default*        0x0000000000000000 0xffffffffffffffff

Linker script and memory map

LOAD ../303_2_bsp//obj/HAL/src/crt0.o
LOAD obj/default/c_heart.o
LOAD obj/default/main.o
LOAD obj/default/scchart_heart.o
LOAD obj/default/uart.o
LOAD c:/intelfpga/18.1/nios2eds/bin/gnu/h-x86_64-mingw32/bin/../lib/gcc/nios2-elf/5.3.0/../../../../../H-x86_64-mingw32/nios2-elf/lib\libstdc++.a
LOAD c:/intelfpga/18.1/nios2eds/bin/gnu/h-x86_64-mingw32/bin/../lib/gcc/nios2-elf/5.3.0/../../../../../H-x86_64-mingw32/nios2-elf/lib\libm.a
LOAD c:/intelfpga/18.1/nios2eds/bin/gnu/h-x86_64-mingw32/bin/../lib/gcc/nios2-elf/5.3.0\libgcc.a
START GROUP
LOAD c:/intelfpga/18.1/nios2eds/bin/gnu/h-x86_64-mingw32/bin/../lib/gcc/nios2-elf/5.3.0/../../../../../H-x86_64-mingw32/nios2-elf/lib\libc.a
LOAD c:/intelfpga/18.1/nios2eds/bin/gnu/h-x86_64-mingw32/bin/../lib/gcc/nios2-elf/5.3.0\libgcc.a
LOAD ../303_2_bsp/\libhal_bsp.a
LOAD c:/intelfpga/18.1/nios2eds/bin/gnu/h-x86_64-mingw32/bin/../lib/gcc/nios2-elf/5.3.0/../../../../../H-x86_64-mingw32/nios2-elf/lib\libm.a
END GROUP
LOAD c:/intelfpga/18.1/nios2eds/bin/gnu/h-x86_64-mingw32/bin/../lib/gcc/nios2-elf/5.3.0\libgcc.a
                0x0000000000800000                __alt_mem_sdram = 0x800000
                0x0000000001008000                __alt_mem_onchip_mem = 0x1008000

.entry          0x0000000000800000       0x20
 *(.entry)
 .entry         0x0000000000800000       0x20 ../303_2_bsp//obj/HAL/src/crt0.o
                0x0000000000800000                __reset

.exceptions     0x0000000000800020      0x224
                0x0000000000800020                PROVIDE (__ram_exceptions_start, ABSOLUTE (.))
                0x0000000000800020                . = ALIGN (0x20)
 *(.irq)
 *(.exceptions.entry.label)
 .exceptions.entry.label
                0x0000000000800020        0x0 ../303_2_bsp/\libhal_bsp.a(alt_irq_entry.o)
                0x0000000000800020                alt_irq_entry
 .exceptions.entry.label
                0x0000000000800020        0x0 ../303_2_bsp/\libhal_bsp.a(alt_exception_entry.o)
                0x0000000000800020                alt_exception
 *(.exceptions.entry.user)
 *(.exceptions.entry.ecc_fatal)
 *(.exceptions.entry)
 .exceptions.entry
                0x0000000000800020       0x54 ../303_2_bsp/\libhal_bsp.a(alt_exception_entry.o)
 *(.exceptions.irqtest.user)
 *(.exceptions.irqtest)
 .exceptions.irqtest
                0x0000000000800074       0x10 ../303_2_bsp/\libhal_bsp.a(alt_irq_entry.o)
 *(.exceptions.irqhandler.user)
 *(.exceptions.irqhandler)
 .exceptions.irqhandler
                0x0000000000800084        0x4 ../303_2_bsp/\libhal_bsp.a(alt_irq_entry.o)
 *(.exceptions.irqreturn.user)
 *(.exceptions.irqreturn)
 .exceptions.irqreturn
                0x0000000000800088        0x4 ../303_2_bsp/\libhal_bsp.a(alt_irq_entry.o)
 *(.exceptions.notirq.label)
 .exceptions.notirq.label
                0x000000000080008c        0x0 ../303_2_bsp/\libhal_bsp.a(alt_irq_entry.o)
 *(.exceptions.notirq.user)
 *(.exceptions.notirq)
 .exceptions.notirq
                0x000000000080008c        0x8 ../303_2_bsp/\libhal_bsp.a(alt_exception_entry.o)
 *(.exceptions.soft.user)
 *(.exceptions.soft)
 *(.exceptions.unknown.user)
 *(.exceptions.unknown)
 .exceptions.unknown
                0x0000000000800094       0x14 ../303_2_bsp/\libhal_bsp.a(alt_exception_entry.o)
 *(.exceptions.exit.label)
 .exceptions.exit.label
                0x00000000008000a8        0x0 ../303_2_bsp/\libhal_bsp.a(alt_irq_entry.o)
 .exceptions.exit.label
                0x00000000008000a8        0x0 ../303_2_bsp/\libhal_bsp.a(alt_exception_entry.o)
 *(.exceptions.exit.user)
 *(.exceptions.exit)
 .exceptions.exit
                0x00000000008000a8       0x54 ../303_2_bsp/\libhal_bsp.a(alt_exception_entry.o)
 *(.exceptions)
 .exceptions    0x00000000008000fc       0xd4 ../303_2_bsp/\libhal_bsp.a(alt_irq_handler.o)
                0x00000000008000fc                alt_irq_handler
 .exceptions    0x00000000008001d0       0x74 ../303_2_bsp/\libhal_bsp.a(alt_instruction_exception_entry.o)
                0x00000000008001d0                alt_instruction_exception_entry
                0x0000000000800244                PROVIDE (__ram_exceptions_end, ABSOLUTE (.))
                0x0000000000800020                PROVIDE (__flash_exceptions_start, LOADADDR (.exceptions))

.text           0x0000000000800244     0xcb78
                [!provide]                        PROVIDE (stext, ABSOLUTE (.))
 *(.interp)
 *(.hash)
 *(.dynsym)
 *(.dynstr)
 *(.gnu.version)
 *(.gnu.version_d)
 *(.gnu.version_r)
 *(.rel.init)
 *(.rela.init)
 *(.rel.text .rel.text.* .rel.gnu.linkonce.t.*)
 *(.rela.text .rela.text.* .rela.gnu.linkonce.t.*)
 *(.rel.fini)
 *(.rela.fini)
 *(.rel.rodata .rel.rodata.* .rel.gnu.linkonce.r.*)
 *(.rela.rodata .rela.rodata.* .rela.gnu.linkonce.r.*)
 *(.rel.data .rel.data.* .rel.gnu.linkonce.d.*)
 *(.rela.data .rela.data.* .rela.gnu.linkonce.d.*)
 *(.rel.tdata .rel.tdata.* .rel.gnu.linkonce.td.*)
 *(.rela.tdata .rela.tdata.* .rela.gnu.linkonce.td.*)
 *(.rel.tbss .rel.tbss.* .rel.gnu.linkonce.tb.*)
 *(.rela.tbss .rela.tbss.* .rela.gnu.linkonce.tb.*)
 *(.rel.ctors)
 *(.rela.ctors)
 *(.rel.dtors)
 *(.rela.dtors)
 *(.rel.got)
 *(.rela.got)
 *(.rel.sdata .rel.sdata.* .rel.gnu.linkonce.s.*)
 *(.rela.sdata .rela.sdata.* .rela.gnu.linkonce.s.*)
 *(.rel.sbss .rel.sbss.* .rel.gnu.linkonce.sb.*)
 *(.rela.sbss .rela.sbss.* .rela.gnu.linkonce.sb.*)
 *(.rel.sdata2 .rel.sdata2.* .rel.gnu.linkonce.s2.*)
 *(.rela.sdata2 .rela.sdata2.* .rela.gnu.linkonce.s2.*)
 *(.rel.sbss2 .rel.sbss2.* .rel.gnu.linkonce.sb2.*)
 *(.rela.sbss2 .rela.sbss2.* .rela.gnu.linkonce.sb2.*)
 *(.rel.bss .rel.bss.* .rel.gnu.linkonce.b.*)
 *(.rela.bss .rela.bss.* .rela.gnu.linkonce.b.*)
 *(.rel.plt)
 *(.rela.plt)
 *(.rel.dyn)
 *(.init)
 *(.plt)
 *(.text .stub .text.* .gnu.linkonce.t.*)
 .text          0x0000000000800244       0x4c ../303_2_bsp//obj/HAL/src/crt0.o
                0x0000000000800244                _start
 .text          0x0000000000800290      0x2b4 obj/default/c_heart.o
                0x0000000000800290                start_cycle
                0x0000000000800388                PVARP_interrupt
                0x00000000008003ac                VRP_interrupt
                0x00000000008003e0                URI_LRI_interrupt
                0x0000000000800434                AEI_AVI_interrupt
                0x00000000008004a4                extern_v_interrupt
                0x00000000008004e0                extern_a_interrupt
 .text          0x0000000000800544      0x2f0 obj/default/main.o
                0x0000000000800544                scchart_interrupt
                0x00000000008005f0                main
 .text          0x0000000000800834     0x708c obj/default/scchart_heart.o
                0x0000000000800834                logic
                0x0000000000807414                reset
                0x0000000000807634                tick
 .text          0x00000000008078c0       0xa8 obj/default/uart.o
                0x00000000008078c0                uart_tx
                0x0000000000807910                uart_rx
 .text          0x0000000000807968      0x8ac c:/intelfpga/18.1/nios2eds/bin/gnu/h-x86_64-mingw32/bin/../lib/gcc/nios2-elf/5.3.0\libgcc.a(adddf3.o)
                0x0000000000807968                __adddf3
 .text          0x0000000000808214       0xdc c:/intelfpga/18.1/nios2eds/bin/gnu/h-x86_64-mingw32/bin/../lib/gcc/nios2-elf/5.3.0\libgcc.a(gedf2.o)
                0x0000000000808214                __gedf2
                0x0000000000808214                __gtdf2
 .text          0x00000000008082f0       0xf4 c:/intelfpga/18.1/nios2eds/bin/gnu/h-x86_64-mingw32/bin/../lib/gcc/nios2-elf/5.3.0\libgcc.a(ledf2.o)
                0x00000000008082f0                __ledf2
                0x00000000008082f0                __ltdf2
 .text          0x00000000008083e4      0x8fc c:/intelfpga/18.1/nios2eds/bin/gnu/h-x86_64-mingw32/bin/../lib/gcc/nios2-elf/5.3.0\libgcc.a(subdf3.o)
                0x00000000008083e4                __subdf3
 .text          0x0000000000808ce0       0xdc c:/intelfpga/18.1/nios2eds/bin/gnu/h-x86_64-mingw32/bin/../lib/gcc/nios2-elf/5.3.0\libgcc.a(floatsidf.o)
                0x0000000000808ce0                __floatsidf
 .text          0x0000000000808dbc       0x64 c:/intelfpga/18.1/nios2eds/bin/gnu/h-x86_64-mingw32/bin/../lib/gcc/nios2-elf/5.3.0\libgcc.a(_clzsi2.o)
                0x0000000000808dbc                __clzsi2
 .text          0x0000000000808e20        0x0 c:/intelfpga/18.1/nios2eds/bin/gnu/h-x86_64-mingw32/bin/../lib/gcc/nios2-elf/5.3.0\libgcc.a(_clz.o)
 .text          0x0000000000808e20      0x12c ../303_2_bsp/\libhal_bsp.a(alt_alarm_start.o)
                0x0000000000808e20                alt_alarm_start
 .text          0x0000000000808f4c       0xec ../303_2_bsp/\libhal_bsp.a(alt_load.o)
                0x0000000000808fb4                alt_load
 .text          0x0000000000809038       0x7c ../303_2_bsp/\libhal_bsp.a(alt_main.o)
                0x0000000000809038                alt_main
 .text          0x00000000008090b4      0x1a4 ../303_2_bsp/\libhal_bsp.a(alt_tick.o)
                0x00000000008090b4                alt_alarm_stop
                0x0000000000809150                alt_tick
 .text          0x0000000000809258      0x104 ../303_2_bsp/\libhal_bsp.a(alt_sys_init.o)
                0x000000000080928c                alt_irq_init
                0x00000000008092c4                alt_sys_init
 .text          0x000000000080935c      0x164 ../303_2_bsp/\libhal_bsp.a(altera_avalon_jtag_uart_fd.o)
                0x000000000080935c                altera_avalon_jtag_uart_read_fd
                0x00000000008093bc                altera_avalon_jtag_uart_write_fd
                0x000000000080941c                altera_avalon_jtag_uart_close_fd
                0x000000000080946c                altera_avalon_jtag_uart_ioctl_fd
 .text          0x00000000008094c0      0x3d4 ../303_2_bsp/\libhal_bsp.a(altera_avalon_jtag_uart_init.o)
                0x00000000008094c0                altera_avalon_jtag_uart_init
                0x000000000080982c                altera_avalon_jtag_uart_close
 .text          0x0000000000809894       0xf0 ../303_2_bsp/\libhal_bsp.a(altera_avalon_jtag_uart_ioctl.o)
                0x0000000000809894                altera_avalon_jtag_uart_ioctl
 .text          0x0000000000809984      0x21c ../303_2_bsp/\libhal_bsp.a(altera_avalon_jtag_uart_read.o)
                0x0000000000809984                altera_avalon_jtag_uart_read
 .text          0x0000000000809ba0      0x224 ../303_2_bsp/\libhal_bsp.a(altera_avalon_jtag_uart_write.o)
                0x0000000000809ba0                altera_avalon_jtag_uart_write
 .text          0x0000000000809dc4      0xe7c ../303_2_bsp/\libhal_bsp.a(altera_avalon_lcd_16207.o)
                0x000000000080a588                altera_avalon_lcd_16207_write
                0x000000000080ab0c                altera_avalon_lcd_16207_init
 .text          0x000000000080ac40       0x60 ../303_2_bsp/\libhal_bsp.a(altera_avalon_lcd_16207_fd.o)
                0x000000000080ac40                altera_avalon_lcd_16207_write_fd
 .text          0x000000000080aca0       0xf4 ../303_2_bsp/\libhal_bsp.a(altera_avalon_timer_sc.o)
                0x000000000080ad18                alt_avalon_timer_sc_init
 .text          0x000000000080ad94      0x110 ../303_2_bsp/\libhal_bsp.a(altera_avalon_uart_fd.o)
                0x000000000080ad94                altera_avalon_uart_read_fd
                0x000000000080adf4                altera_avalon_uart_write_fd
                0x000000000080ae54                altera_avalon_uart_close_fd
 .text          0x000000000080aea4      0x3c8 ../303_2_bsp/\libhal_bsp.a(altera_avalon_uart_init.o)
                0x000000000080aea4                altera_avalon_uart_init
                0x000000000080b218                altera_avalon_uart_close
 .text          0x000000000080b26c      0x218 ../303_2_bsp/\libhal_bsp.a(altera_avalon_uart_read.o)
                0x000000000080b2a8                altera_avalon_uart_read
 .text          0x000000000080b484      0x1e8 ../303_2_bsp/\libhal_bsp.a(altera_avalon_uart_write.o)
                0x000000000080b4c0                altera_avalon_uart_write
 .text          0x000000000080b66c      0x10c ../303_2_bsp/\libhal_bsp.a(alt_close.o)
                0x000000000080b6a8                close
 .text          0x000000000080b778       0x48 ../303_2_bsp/\libhal_bsp.a(alt_dcache_flush_all.o)
                0x000000000080b778                alt_dcache_flush_all
 .text          0x000000000080b7c0       0x2c ../303_2_bsp/\libhal_bsp.a(alt_dev.o)
 .text          0x000000000080b7ec       0xe0 ../303_2_bsp/\libhal_bsp.a(alt_dev_llist_insert.o)
                0x000000000080b828                alt_dev_llist_insert
 .text          0x000000000080b8cc       0x60 ../303_2_bsp/\libhal_bsp.a(alt_do_ctors.o)
                0x000000000080b8cc                _do_ctors
 .text          0x000000000080b92c       0x60 ../303_2_bsp/\libhal_bsp.a(alt_do_dtors.o)
                0x000000000080b92c                _do_dtors
 .text          0x000000000080b98c        0x0 ../303_2_bsp/\libhal_bsp.a(alt_errno.o)
 .text          0x000000000080b98c       0x34 ../303_2_bsp/\libhal_bsp.a(alt_icache_flush_all.o)
                0x000000000080b98c                alt_icache_flush_all
 .text          0x000000000080b9c0      0x1b0 ../303_2_bsp/\libhal_bsp.a(alt_iic.o)
                0x000000000080b9c0                alt_ic_isr_register
                0x000000000080ba10                alt_ic_irq_enable
                0x000000000080ba98                alt_ic_irq_disable
                0x000000000080bb24                alt_ic_irq_enabled
 .text          0x000000000080bb70       0xf0 ../303_2_bsp/\libhal_bsp.a(alt_iic_isr_register.o)
                0x000000000080bb70                alt_iic_isr_register
 .text          0x000000000080bc60      0x140 ../303_2_bsp/\libhal_bsp.a(alt_io_redirect.o)
                0x000000000080bd24                alt_io_redirect
 .text          0x000000000080bda0        0x0 ../303_2_bsp/\libhal_bsp.a(alt_irq_entry.o)
 .text          0x000000000080bda0        0x0 ../303_2_bsp/\libhal_bsp.a(alt_irq_handler.o)
 .text          0x000000000080bda0        0x0 ../303_2_bsp/\libhal_bsp.a(alt_irq_vars.o)
 .text          0x000000000080bda0      0x254 ../303_2_bsp/\libhal_bsp.a(alt_open.o)
                0x000000000080bea0                open
 .text          0x000000000080bff4       0x64 ../303_2_bsp/\libhal_bsp.a(alt_release_fd.o)
                0x000000000080bff4                alt_release_fd
 .text          0x000000000080c058       0x30 ../303_2_bsp/\libhal_bsp.a(alt_usleep.o)
                0x000000000080c058                usleep
 .text          0x000000000080c088       0x24 ../303_2_bsp/\libhal_bsp.a(altera_nios2_gen2_irq.o)
                0x000000000080c088                altera_nios2_gen2_irq_init
 .text          0x000000000080c0ac      0x158 ../303_2_bsp/\libhal_bsp.a(alt_busy_sleep.o)
                0x000000000080c0ac                alt_busy_sleep
 .text          0x000000000080c204        0x0 ../303_2_bsp/\libhal_bsp.a(alt_exception_entry.o)
 .text          0x000000000080c204       0x90 ../303_2_bsp/\libhal_bsp.a(alt_find_dev.o)
                0x000000000080c204                alt_find_dev
 .text          0x000000000080c294      0x108 ../303_2_bsp/\libhal_bsp.a(alt_find_file.o)
                0x000000000080c294                alt_find_file
 .text          0x000000000080c39c       0xa4 ../303_2_bsp/\libhal_bsp.a(alt_get_fd.o)
                0x000000000080c39c                alt_get_fd
 .text          0x000000000080c440       0x90 ../303_2_bsp/\libhal_bsp.a(alt_icache_flush.o)
                0x000000000080c440                alt_icache_flush
 .text          0x000000000080c4d0       0x9c ../303_2_bsp/\libhal_bsp.a(alt_instruction_exception_entry.o)
                0x000000000080c4d0                alt_exception_cause_generated_bad_addr
 .text          0x000000000080c56c        0x0 c:/intelfpga/18.1/nios2eds/bin/gnu/h-x86_64-mingw32/bin/../lib/gcc/nios2-elf/5.3.0/../../../../../H-x86_64-mingw32/nios2-elf/lib\libc.a(lib_a-atexit.o)
 .text.atexit   0x000000000080c56c       0x14 c:/intelfpga/18.1/nios2eds/bin/gnu/h-x86_64-mingw32/bin/../lib/gcc/nios2-elf/5.3.0/../../../../../H-x86_64-mingw32/nios2-elf/lib\libc.a(lib_a-atexit.o)
                0x000000000080c56c                atexit
 .text          0x000000000080c580        0x0 c:/intelfpga/18.1/nios2eds/bin/gnu/h-x86_64-mingw32/bin/../lib/gcc/nios2-elf/5.3.0/../../../../../H-x86_64-mingw32/nios2-elf/lib\libc.a(lib_a-ctype_.o)
 .text          0x000000000080c580        0x0 c:/intelfpga/18.1/nios2eds/bin/gnu/h-x86_64-mingw32/bin/../lib/gcc/nios2-elf/5.3.0/../../../../../H-x86_64-mingw32/nios2-elf/lib\libc.a(lib_a-exit.o)
 .text.exit     0x000000000080c580       0x38 c:/intelfpga/18.1/nios2eds/bin/gnu/h-x86_64-mingw32/bin/../lib/gcc/nios2-elf/5.3.0/../../../../../H-x86_64-mingw32/nios2-elf/lib\libc.a(lib_a-exit.o)
                0x000000000080c580                exit
 .text          0x000000000080c5b8        0x0 c:/intelfpga/18.1/nios2eds/bin/gnu/h-x86_64-mingw32/bin/../lib/gcc/nios2-elf/5.3.0/../../../../../H-x86_64-mingw32/nios2-elf/lib\libc.a(lib_a-impure.o)
 .text          0x000000000080c5b8        0x0 c:/intelfpga/18.1/nios2eds/bin/gnu/h-x86_64-mingw32/bin/../lib/gcc/nios2-elf/5.3.0/../../../../../H-x86_64-mingw32/nios2-elf/lib\libc.a(lib_a-int_errno.o)
 .text          0x000000000080c5b8        0x0 c:/intelfpga/18.1/nios2eds/bin/gnu/h-x86_64-mingw32/bin/../lib/gcc/nios2-elf/5.3.0/../../../../../H-x86_64-mingw32/nios2-elf/lib\libc.a(lib_a-memcmp.o)
 .text.memcmp   0x000000000080c5b8       0x7c c:/intelfpga/18.1/nios2eds/bin/gnu/h-x86_64-mingw32/bin/../lib/gcc/nios2-elf/5.3.0/../../../../../H-x86_64-mingw32/nios2-elf/lib\libc.a(lib_a-memcmp.o)
                0x000000000080c5b8                memcmp
 .text          0x000000000080c634        0x0 c:/intelfpga/18.1/nios2eds/bin/gnu/h-x86_64-mingw32/bin/../lib/gcc/nios2-elf/5.3.0/../../../../../H-x86_64-mingw32/nios2-elf/lib\libc.a(lib_a-memcpy.o)
 .text.memcpy   0x000000000080c634      0x148 c:/intelfpga/18.1/nios2eds/bin/gnu/h-x86_64-mingw32/bin/../lib/gcc/nios2-elf/5.3.0/../../../../../H-x86_64-mingw32/nios2-elf/lib\libc.a(lib_a-memcpy.o)
                0x000000000080c634                memcpy
 .text          0x000000000080c77c        0x0 c:/intelfpga/18.1/nios2eds/bin/gnu/h-x86_64-mingw32/bin/../lib/gcc/nios2-elf/5.3.0/../../../../../H-x86_64-mingw32/nios2-elf/lib\libc.a(lib_a-memset.o)
 .text.memset   0x000000000080c77c      0x128 c:/intelfpga/18.1/nios2eds/bin/gnu/h-x86_64-mingw32/bin/../lib/gcc/nios2-elf/5.3.0/../../../../../H-x86_64-mingw32/nios2-elf/lib\libc.a(lib_a-memset.o)
                0x000000000080c77c                memset
 .text          0x000000000080c8a4        0x0 c:/intelfpga/18.1/nios2eds/bin/gnu/h-x86_64-mingw32/bin/../lib/gcc/nios2-elf/5.3.0/../../../../../H-x86_64-mingw32/nios2-elf/lib\libc.a(lib_a-strlen.o)
 .text.strlen   0x000000000080c8a4       0x98 c:/intelfpga/18.1/nios2eds/bin/gnu/h-x86_64-mingw32/bin/../lib/gcc/nios2-elf/5.3.0/../../../../../H-x86_64-mingw32/nios2-elf/lib\libc.a(lib_a-strlen.o)
                0x000000000080c8a4                strlen
 .text          0x000000000080c93c        0x0 c:/intelfpga/18.1/nios2eds/bin/gnu/h-x86_64-mingw32/bin/../lib/gcc/nios2-elf/5.3.0/../../../../../H-x86_64-mingw32/nios2-elf/lib\libc.a(lib_a-__atexit.o)
 .text.__register_exitproc
                0x000000000080c93c      0x118 c:/intelfpga/18.1/nios2eds/bin/gnu/h-x86_64-mingw32/bin/../lib/gcc/nios2-elf/5.3.0/../../../../../H-x86_64-mingw32/nios2-elf/lib\libc.a(lib_a-__atexit.o)
                0x000000000080c93c                __register_exitproc
 .text          0x000000000080ca54        0x0 c:/intelfpga/18.1/nios2eds/bin/gnu/h-x86_64-mingw32/bin/../lib/gcc/nios2-elf/5.3.0/../../../../../H-x86_64-mingw32/nios2-elf/lib\libc.a(lib_a-__call_atexit.o)
 .text.__call_exitprocs
                0x000000000080ca54      0x180 c:/intelfpga/18.1/nios2eds/bin/gnu/h-x86_64-mingw32/bin/../lib/gcc/nios2-elf/5.3.0/../../../../../H-x86_64-mingw32/nios2-elf/lib\libc.a(lib_a-__call_atexit.o)
                0x000000000080ca54                __call_exitprocs
 .text          0x000000000080cbd4      0x1b4 c:/intelfpga/18.1/nios2eds/bin/gnu/h-x86_64-mingw32/bin/../lib/gcc/nios2-elf/5.3.0\libgcc.a(lib2-divmod.o)
                0x000000000080cbd4                __divsi3
                0x000000000080cc58                __modsi3
                0x000000000080cccc                __udivsi3
                0x000000000080cd30                __umodsi3
 .text          0x000000000080cd88       0x34 ../303_2_bsp/\libhal_bsp.a(alt_exit.o)
                0x000000000080cd88                _exit
 *(.gnu.warning.*)
 *(.fini)
                [!provide]                        PROVIDE (__etext, ABSOLUTE (.))
                [!provide]                        PROVIDE (_etext, ABSOLUTE (.))
                [!provide]                        PROVIDE (etext, ABSOLUTE (.))
 *(.eh_frame_hdr)
                0x000000000080cdbc                . = ALIGN (0x4)
                [!provide]                        PROVIDE (__preinit_array_start, ABSOLUTE (.))
 *(.preinit_array)
                [!provide]                        PROVIDE (__preinit_array_end, ABSOLUTE (.))
                [!provide]                        PROVIDE (__init_array_start, ABSOLUTE (.))
 *(.init_array)
                [!provide]                        PROVIDE (__init_array_end, ABSOLUTE (.))
                [!provide]                        PROVIDE (__fini_array_start, ABSOLUTE (.))
 *(.fini_array)
                [!provide]                        PROVIDE (__fini_array_end, ABSOLUTE (.))
 *(.eh_frame)
 *(.gcc_except_table .gcc_except_table.*)
 *(.dynamic)
                0x000000000080cdbc                PROVIDE (__CTOR_LIST__, ABSOLUTE (.))
 *(.ctors)
 *(SORT(.ctors.*))
                0x000000000080cdbc                PROVIDE (__CTOR_END__, ABSOLUTE (.))
                0x000000000080cdbc                PROVIDE (__DTOR_LIST__, ABSOLUTE (.))
 *(.dtors)
 *(SORT(.dtors.*))
                0x000000000080cdbc                PROVIDE (__DTOR_END__, ABSOLUTE (.))
 *(.jcr)
                0x000000000080cdbc                . = ALIGN (0x4)

.rodata         0x000000000080cdbc      0x3c8
                0x000000000080cdbc                PROVIDE (__ram_rodata_start, ABSOLUTE (.))
                0x000000000080cdbc                . = ALIGN (0x4)
 *(.rodata .rodata.* .gnu.linkonce.r.*)
 .rodata        0x000000000080cdbc      0x100 c:/intelfpga/18.1/nios2eds/bin/gnu/h-x86_64-mingw32/bin/../lib/gcc/nios2-elf/5.3.0\libgcc.a(_clz.o)
                0x000000000080cdbc                __clz_tab
 .rodata        0x000000000080cebc        0xf ../303_2_bsp/\libhal_bsp.a(alt_main.o)
 *fill*         0x000000000080cecb        0x1 
 .rodata        0x000000000080cecc       0x26 ../303_2_bsp/\libhal_bsp.a(alt_sys_init.o)
 *fill*         0x000000000080cef2        0x2 
 .rodata        0x000000000080cef4        0xa ../303_2_bsp/\libhal_bsp.a(alt_dev.o)
 .rodata._ctype_
                0x000000000080cefe      0x101 c:/intelfpga/18.1/nios2eds/bin/gnu/h-x86_64-mingw32/bin/../lib/gcc/nios2-elf/5.3.0/../../../../../H-x86_64-mingw32/nios2-elf/lib\libc.a(lib_a-ctype_.o)
                0x000000000080cefe                _ctype_
 .rodata._ctype_b
                0x000000000080cfff      0x180 c:/intelfpga/18.1/nios2eds/bin/gnu/h-x86_64-mingw32/bin/../lib/gcc/nios2-elf/5.3.0/../../../../../H-x86_64-mingw32/nios2-elf/lib\libc.a(lib_a-ctype_.o)
 *fill*         0x000000000080d17f        0x1 
 .rodata.str1.4
                0x000000000080d180        0x4 c:/intelfpga/18.1/nios2eds/bin/gnu/h-x86_64-mingw32/bin/../lib/gcc/nios2-elf/5.3.0/../../../../../H-x86_64-mingw32/nios2-elf/lib\libc.a(lib_a-impure.o)
                                          0x2 (size before relaxing)
 *(.rodata1)
                0x000000000080d184                . = ALIGN (0x4)
                0x000000000080d184                PROVIDE (__ram_rodata_end, ABSOLUTE (.))
                0x000000000080cdbc                PROVIDE (__flash_rodata_start, LOADADDR (.rodata))

.rwdata         0x000000000080d184     0x1848 load address 0x000000000080e9cc
                0x000000000080d184                PROVIDE (__ram_rwdata_start, ABSOLUTE (.))
                0x000000000080d184                . = ALIGN (0x4)
 *(.got.plt)
 *(.got)
 *(.data1)
 *(.data .data.* .gnu.linkonce.d.*)
 .data          0x000000000080d184        0x0 ../303_2_bsp//obj/HAL/src/crt0.o
 .data          0x000000000080d184        0x0 obj/default/c_heart.o
 .data          0x000000000080d184        0x0 obj/default/main.o
 .data          0x000000000080d184        0x0 obj/default/scchart_heart.o
 .data          0x000000000080d184        0x0 obj/default/uart.o
 .data          0x000000000080d184        0x0 c:/intelfpga/18.1/nios2eds/bin/gnu/h-x86_64-mingw32/bin/../lib/gcc/nios2-elf/5.3.0\libgcc.a(adddf3.o)
 .data          0x000000000080d184        0x0 c:/intelfpga/18.1/nios2eds/bin/gnu/h-x86_64-mingw32/bin/../lib/gcc/nios2-elf/5.3.0\libgcc.a(gedf2.o)
 .data          0x000000000080d184        0x0 c:/intelfpga/18.1/nios2eds/bin/gnu/h-x86_64-mingw32/bin/../lib/gcc/nios2-elf/5.3.0\libgcc.a(ledf2.o)
 .data          0x000000000080d184        0x0 c:/intelfpga/18.1/nios2eds/bin/gnu/h-x86_64-mingw32/bin/../lib/gcc/nios2-elf/5.3.0\libgcc.a(subdf3.o)
 .data          0x000000000080d184        0x0 c:/intelfpga/18.1/nios2eds/bin/gnu/h-x86_64-mingw32/bin/../lib/gcc/nios2-elf/5.3.0\libgcc.a(floatsidf.o)
 .data          0x000000000080d184        0x0 c:/intelfpga/18.1/nios2eds/bin/gnu/h-x86_64-mingw32/bin/../lib/gcc/nios2-elf/5.3.0\libgcc.a(_clzsi2.o)
 .data          0x000000000080d184        0x0 c:/intelfpga/18.1/nios2eds/bin/gnu/h-x86_64-mingw32/bin/../lib/gcc/nios2-elf/5.3.0\libgcc.a(_clz.o)
 .data          0x000000000080d184        0x0 ../303_2_bsp/\libhal_bsp.a(alt_alarm_start.o)
 .data          0x000000000080d184        0x0 ../303_2_bsp/\libhal_bsp.a(alt_load.o)
 .data          0x000000000080d184        0x0 ../303_2_bsp/\libhal_bsp.a(alt_main.o)
 .data          0x000000000080d184        0x0 ../303_2_bsp/\libhal_bsp.a(alt_tick.o)
 .data          0x000000000080d184     0x1244 ../303_2_bsp/\libhal_bsp.a(alt_sys_init.o)
 .data          0x000000000080e3c8        0x0 ../303_2_bsp/\libhal_bsp.a(altera_avalon_jtag_uart_fd.o)
 .data          0x000000000080e3c8        0x0 ../303_2_bsp/\libhal_bsp.a(altera_avalon_jtag_uart_init.o)
 .data          0x000000000080e3c8        0x0 ../303_2_bsp/\libhal_bsp.a(altera_avalon_jtag_uart_ioctl.o)
 .data          0x000000000080e3c8        0x0 ../303_2_bsp/\libhal_bsp.a(altera_avalon_jtag_uart_read.o)
 .data          0x000000000080e3c8        0x0 ../303_2_bsp/\libhal_bsp.a(altera_avalon_jtag_uart_write.o)
 .data          0x000000000080e3c8        0x0 ../303_2_bsp/\libhal_bsp.a(altera_avalon_lcd_16207.o)
 .data          0x000000000080e3c8        0x0 ../303_2_bsp/\libhal_bsp.a(altera_avalon_lcd_16207_fd.o)
 .data          0x000000000080e3c8        0x0 ../303_2_bsp/\libhal_bsp.a(altera_avalon_timer_sc.o)
 .data          0x000000000080e3c8        0x0 ../303_2_bsp/\libhal_bsp.a(altera_avalon_uart_fd.o)
 .data          0x000000000080e3c8        0x0 ../303_2_bsp/\libhal_bsp.a(altera_avalon_uart_init.o)
 .data          0x000000000080e3c8        0x0 ../303_2_bsp/\libhal_bsp.a(altera_avalon_uart_read.o)
 .data          0x000000000080e3c8        0x0 ../303_2_bsp/\libhal_bsp.a(altera_avalon_uart_write.o)
 .data          0x000000000080e3c8        0x0 ../303_2_bsp/\libhal_bsp.a(alt_close.o)
 .data          0x000000000080e3c8        0x0 ../303_2_bsp/\libhal_bsp.a(alt_dcache_flush_all.o)
 .data          0x000000000080e3c8      0x1a8 ../303_2_bsp/\libhal_bsp.a(alt_dev.o)
                0x000000000080e3c8                alt_dev_null
                0x000000000080e3f0                alt_fd_list
 .data          0x000000000080e570        0x0 ../303_2_bsp/\libhal_bsp.a(alt_dev_llist_insert.o)
 .data          0x000000000080e570        0x0 ../303_2_bsp/\libhal_bsp.a(alt_do_ctors.o)
 .data          0x000000000080e570        0x0 ../303_2_bsp/\libhal_bsp.a(alt_do_dtors.o)
 .data          0x000000000080e570        0x0 ../303_2_bsp/\libhal_bsp.a(alt_errno.o)
 .data          0x000000000080e570        0x0 ../303_2_bsp/\libhal_bsp.a(alt_icache_flush_all.o)
 .data          0x000000000080e570        0x0 ../303_2_bsp/\libhal_bsp.a(alt_iic.o)
 .data          0x000000000080e570        0x0 ../303_2_bsp/\libhal_bsp.a(alt_iic_isr_register.o)
 .data          0x000000000080e570        0x0 ../303_2_bsp/\libhal_bsp.a(alt_io_redirect.o)
 .data          0x000000000080e570        0x0 ../303_2_bsp/\libhal_bsp.a(alt_irq_entry.o)
 .data          0x000000000080e570        0x0 ../303_2_bsp/\libhal_bsp.a(alt_irq_handler.o)
 .data          0x000000000080e570        0x0 ../303_2_bsp/\libhal_bsp.a(alt_irq_vars.o)
 .data          0x000000000080e570        0x0 ../303_2_bsp/\libhal_bsp.a(alt_open.o)
 .data          0x000000000080e570        0x0 ../303_2_bsp/\libhal_bsp.a(alt_release_fd.o)
 .data          0x000000000080e570        0x0 ../303_2_bsp/\libhal_bsp.a(alt_usleep.o)
 .data          0x000000000080e570        0x0 ../303_2_bsp/\libhal_bsp.a(altera_nios2_gen2_irq.o)
 .data          0x000000000080e570        0x0 ../303_2_bsp/\libhal_bsp.a(alt_busy_sleep.o)
 .data          0x000000000080e570        0x0 ../303_2_bsp/\libhal_bsp.a(alt_exception_entry.o)
 .data          0x000000000080e570        0x0 ../303_2_bsp/\libhal_bsp.a(alt_find_dev.o)
 .data          0x000000000080e570        0x0 ../303_2_bsp/\libhal_bsp.a(alt_find_file.o)
 .data          0x000000000080e570        0x0 ../303_2_bsp/\libhal_bsp.a(alt_get_fd.o)
 .data          0x000000000080e570        0x0 ../303_2_bsp/\libhal_bsp.a(alt_icache_flush.o)
 .data          0x000000000080e570        0x0 ../303_2_bsp/\libhal_bsp.a(alt_instruction_exception_entry.o)
 .data          0x000000000080e570        0x0 c:/intelfpga/18.1/nios2eds/bin/gnu/h-x86_64-mingw32/bin/../lib/gcc/nios2-elf/5.3.0/../../../../../H-x86_64-mingw32/nios2-elf/lib\libc.a(lib_a-atexit.o)
 .data          0x000000000080e570        0x0 c:/intelfpga/18.1/nios2eds/bin/gnu/h-x86_64-mingw32/bin/../lib/gcc/nios2-elf/5.3.0/../../../../../H-x86_64-mingw32/nios2-elf/lib\libc.a(lib_a-ctype_.o)
 .data          0x000000000080e570        0x0 c:/intelfpga/18.1/nios2eds/bin/gnu/h-x86_64-mingw32/bin/../lib/gcc/nios2-elf/5.3.0/../../../../../H-x86_64-mingw32/nios2-elf/lib\libc.a(lib_a-exit.o)
 .data          0x000000000080e570        0x0 c:/intelfpga/18.1/nios2eds/bin/gnu/h-x86_64-mingw32/bin/../lib/gcc/nios2-elf/5.3.0/../../../../../H-x86_64-mingw32/nios2-elf/lib\libc.a(lib_a-impure.o)
 .data.impure_data
                0x000000000080e570      0x424 c:/intelfpga/18.1/nios2eds/bin/gnu/h-x86_64-mingw32/bin/../lib/gcc/nios2-elf/5.3.0/../../../../../H-x86_64-mingw32/nios2-elf/lib\libc.a(lib_a-impure.o)
 .data          0x000000000080e994        0x0 c:/intelfpga/18.1/nios2eds/bin/gnu/h-x86_64-mingw32/bin/../lib/gcc/nios2-elf/5.3.0/../../../../../H-x86_64-mingw32/nios2-elf/lib\libc.a(lib_a-int_errno.o)
 .data          0x000000000080e994        0x0 c:/intelfpga/18.1/nios2eds/bin/gnu/h-x86_64-mingw32/bin/../lib/gcc/nios2-elf/5.3.0/../../../../../H-x86_64-mingw32/nios2-elf/lib\libc.a(lib_a-memcmp.o)
 .data          0x000000000080e994        0x0 c:/intelfpga/18.1/nios2eds/bin/gnu/h-x86_64-mingw32/bin/../lib/gcc/nios2-elf/5.3.0/../../../../../H-x86_64-mingw32/nios2-elf/lib\libc.a(lib_a-memcpy.o)
 .data          0x000000000080e994        0x0 c:/intelfpga/18.1/nios2eds/bin/gnu/h-x86_64-mingw32/bin/../lib/gcc/nios2-elf/5.3.0/../../../../../H-x86_64-mingw32/nios2-elf/lib\libc.a(lib_a-memset.o)
 .data          0x000000000080e994        0x0 c:/intelfpga/18.1/nios2eds/bin/gnu/h-x86_64-mingw32/bin/../lib/gcc/nios2-elf/5.3.0/../../../../../H-x86_64-mingw32/nios2-elf/lib\libc.a(lib_a-strlen.o)
 .data          0x000000000080e994        0x0 c:/intelfpga/18.1/nios2eds/bin/gnu/h-x86_64-mingw32/bin/../lib/gcc/nios2-elf/5.3.0/../../../../../H-x86_64-mingw32/nios2-elf/lib\libc.a(lib_a-__atexit.o)
 .data          0x000000000080e994        0x0 c:/intelfpga/18.1/nios2eds/bin/gnu/h-x86_64-mingw32/bin/../lib/gcc/nios2-elf/5.3.0/../../../../../H-x86_64-mingw32/nios2-elf/lib\libc.a(lib_a-__call_atexit.o)
 .data          0x000000000080e994        0x0 c:/intelfpga/18.1/nios2eds/bin/gnu/h-x86_64-mingw32/bin/../lib/gcc/nios2-elf/5.3.0\libgcc.a(lib2-divmod.o)
 .data          0x000000000080e994        0x0 ../303_2_bsp/\libhal_bsp.a(alt_exit.o)
                0x0000000000816994                _gp = ABSOLUTE ((. + 0x8000))
                [!provide]                        PROVIDE (gp, _gp)
 *(.rwdata .rwdata.*)
 *(.sdata .sdata.* .gnu.linkonce.s.*)
 .sdata         0x000000000080e994        0x2 obj/default/c_heart.o
                0x000000000080e994                ignore_v
                0x000000000080e995                ignore_a
 *fill*         0x000000000080e996        0x2 
 .sdata         0x000000000080e998        0x8 ../303_2_bsp/\libhal_bsp.a(alt_tick.o)
                0x000000000080e998                alt_alarm_list
 .sdata         0x000000000080e9a0        0x4 ../303_2_bsp/\libhal_bsp.a(altera_avalon_lcd_16207.o)
 .sdata         0x000000000080e9a4       0x14 ../303_2_bsp/\libhal_bsp.a(alt_dev.o)
                0x000000000080e9a4                alt_fs_list
                0x000000000080e9ac                alt_dev_list
                0x000000000080e9b4                alt_max_fd
 .sdata         0x000000000080e9b8        0x4 ../303_2_bsp/\libhal_bsp.a(alt_errno.o)
                0x000000000080e9b8                alt_errno
 .sdata         0x000000000080e9bc        0x4 ../303_2_bsp/\libhal_bsp.a(alt_irq_vars.o)
                0x000000000080e9bc                alt_priority_mask
 .sdata.__ctype_ptr__
                0x000000000080e9c0        0x4 c:/intelfpga/18.1/nios2eds/bin/gnu/h-x86_64-mingw32/bin/../lib/gcc/nios2-elf/5.3.0/../../../../../H-x86_64-mingw32/nios2-elf/lib\libc.a(lib_a-ctype_.o)
                0x000000000080e9c0                __ctype_ptr__
 .sdata._global_impure_ptr
                0x000000000080e9c4        0x4 c:/intelfpga/18.1/nios2eds/bin/gnu/h-x86_64-mingw32/bin/../lib/gcc/nios2-elf/5.3.0/../../../../../H-x86_64-mingw32/nios2-elf/lib\libc.a(lib_a-impure.o)
                0x000000000080e9c4                _global_impure_ptr
 .sdata._impure_ptr
                0x000000000080e9c8        0x4 c:/intelfpga/18.1/nios2eds/bin/gnu/h-x86_64-mingw32/bin/../lib/gcc/nios2-elf/5.3.0/../../../../../H-x86_64-mingw32/nios2-elf/lib\libc.a(lib_a-impure.o)
                0x000000000080e9c8                _impure_ptr
 *(.sdata2 .sdata2.* .gnu.linkonce.s2.*)
                0x000000000080e9cc                . = ALIGN (0x4)
                0x000000000080e9cc                _edata = ABSOLUTE (.)
                [!provide]                        PROVIDE (edata, ABSOLUTE (.))
                0x000000000080e9cc                PROVIDE (__ram_rwdata_end, ABSOLUTE (.))
                0x000000000080e9cc                PROVIDE (__flash_rwdata_start, LOADADDR (.rwdata))

.bss            0x0000000000810214      0x358
                0x0000000000810214                __bss_start = ABSOLUTE (.)
                [!provide]                        PROVIDE (__sbss_start, ABSOLUTE (.))
                [!provide]                        PROVIDE (___sbss_start, ABSOLUTE (.))
 *(.dynsbss)
 *(.sbss .sbss.* .gnu.linkonce.sb.*)
 .sbss          0x0000000000810214        0x7 obj/default/c_heart.o
                0x0000000000810214                can_vpulse
                0x0000000000810215                reset_cycle
                0x0000000000810216                is_recent_a
                0x0000000000810217                need_v_pulse
                0x0000000000810218                started
                0x0000000000810219                vp
                0x000000000081021a                ap
 .sbss          0x000000000081021b        0x3 obj/default/main.o
                0x000000000081021b                scchart_update_flag
                0x000000000081021c                sc_as
                0x000000000081021d                sc_vs
 .sbss          0x000000000081021e        0x1 obj/default/main.o
                0x000000000081021e                char_recieve
 *fill*         0x000000000081021f        0x1 
 .sbss          0x0000000000810220        0xc ../303_2_bsp/\libhal_bsp.a(alt_main.o)
                0x0000000000810220                alt_argc
                0x0000000000810224                alt_argv
                0x0000000000810228                alt_envp
 .sbss          0x000000000081022c        0x8 ../303_2_bsp/\libhal_bsp.a(alt_tick.o)
                0x000000000081022c                _alt_tick_rate
                0x0000000000810230                _alt_nticks
 .sbss          0x0000000000810234        0x4 ../303_2_bsp/\libhal_bsp.a(alt_irq_vars.o)
                0x0000000000810234                alt_irq_active
 .sbss          0x0000000000810238        0x4 ../303_2_bsp/\libhal_bsp.a(alt_instruction_exception_entry.o)
                0x0000000000810238                alt_instruction_exception_handler
 .sbss          0x000000000081023c        0x4 c:/intelfpga/18.1/nios2eds/bin/gnu/h-x86_64-mingw32/bin/../lib/gcc/nios2-elf/5.3.0/../../../../../H-x86_64-mingw32/nios2-elf/lib\libc.a(lib_a-int_errno.o)
                0x000000000081023c                errno
 *(.sbss2 .sbss2.* .gnu.linkonce.sb2.*)
 *(.scommon)
                [!provide]                        PROVIDE (__sbss_end, ABSOLUTE (.))
                [!provide]                        PROVIDE (___sbss_end, ABSOLUTE (.))
 *(.dynbss)
 *(.bss .bss.* .gnu.linkonce.b.*)
 .bss           0x0000000000810240        0x0 ../303_2_bsp//obj/HAL/src/crt0.o
 .bss           0x0000000000810240        0x0 obj/default/c_heart.o
 .bss           0x0000000000810240        0x0 obj/default/main.o
 .bss           0x0000000000810240        0x0 obj/default/scchart_heart.o
 .bss           0x0000000000810240        0x0 obj/default/uart.o
 .bss           0x0000000000810240        0x0 c:/intelfpga/18.1/nios2eds/bin/gnu/h-x86_64-mingw32/bin/../lib/gcc/nios2-elf/5.3.0\libgcc.a(adddf3.o)
 .bss           0x0000000000810240        0x0 c:/intelfpga/18.1/nios2eds/bin/gnu/h-x86_64-mingw32/bin/../lib/gcc/nios2-elf/5.3.0\libgcc.a(gedf2.o)
 .bss           0x0000000000810240        0x0 c:/intelfpga/18.1/nios2eds/bin/gnu/h-x86_64-mingw32/bin/../lib/gcc/nios2-elf/5.3.0\libgcc.a(ledf2.o)
 .bss           0x0000000000810240        0x0 c:/intelfpga/18.1/nios2eds/bin/gnu/h-x86_64-mingw32/bin/../lib/gcc/nios2-elf/5.3.0\libgcc.a(subdf3.o)
 .bss           0x0000000000810240        0x0 c:/intelfpga/18.1/nios2eds/bin/gnu/h-x86_64-mingw32/bin/../lib/gcc/nios2-elf/5.3.0\libgcc.a(floatsidf.o)
 .bss           0x0000000000810240        0x0 c:/intelfpga/18.1/nios2eds/bin/gnu/h-x86_64-mingw32/bin/../lib/gcc/nios2-elf/5.3.0\libgcc.a(_clzsi2.o)
 .bss           0x0000000000810240        0x0 c:/intelfpga/18.1/nios2eds/bin/gnu/h-x86_64-mingw32/bin/../lib/gcc/nios2-elf/5.3.0\libgcc.a(_clz.o)
 .bss           0x0000000000810240        0x0 ../303_2_bsp/\libhal_bsp.a(alt_alarm_start.o)
 .bss           0x0000000000810240        0x0 ../303_2_bsp/\libhal_bsp.a(alt_load.o)
 .bss           0x0000000000810240        0x0 ../303_2_bsp/\libhal_bsp.a(alt_main.o)
 .bss           0x0000000000810240        0x0 ../303_2_bsp/\libhal_bsp.a(alt_tick.o)
 .bss           0x0000000000810240        0x0 ../303_2_bsp/\libhal_bsp.a(alt_sys_init.o)
 .bss           0x0000000000810240        0x0 ../303_2_bsp/\libhal_bsp.a(altera_avalon_jtag_uart_fd.o)
 .bss           0x0000000000810240        0x0 ../303_2_bsp/\libhal_bsp.a(altera_avalon_jtag_uart_init.o)
 .bss           0x0000000000810240        0x0 ../303_2_bsp/\libhal_bsp.a(altera_avalon_jtag_uart_ioctl.o)
 .bss           0x0000000000810240        0x0 ../303_2_bsp/\libhal_bsp.a(altera_avalon_jtag_uart_read.o)
 .bss           0x0000000000810240        0x0 ../303_2_bsp/\libhal_bsp.a(altera_avalon_jtag_uart_write.o)
 .bss           0x0000000000810240        0x0 ../303_2_bsp/\libhal_bsp.a(altera_avalon_lcd_16207.o)
 .bss           0x0000000000810240        0x0 ../303_2_bsp/\libhal_bsp.a(altera_avalon_lcd_16207_fd.o)
 .bss           0x0000000000810240        0x0 ../303_2_bsp/\libhal_bsp.a(altera_avalon_timer_sc.o)
 .bss           0x0000000000810240        0x0 ../303_2_bsp/\libhal_bsp.a(altera_avalon_uart_fd.o)
 .bss           0x0000000000810240        0x0 ../303_2_bsp/\libhal_bsp.a(altera_avalon_uart_init.o)
 .bss           0x0000000000810240        0x0 ../303_2_bsp/\libhal_bsp.a(altera_avalon_uart_read.o)
 .bss           0x0000000000810240        0x0 ../303_2_bsp/\libhal_bsp.a(altera_avalon_uart_write.o)
 .bss           0x0000000000810240        0x0 ../303_2_bsp/\libhal_bsp.a(alt_close.o)
 .bss           0x0000000000810240        0x0 ../303_2_bsp/\libhal_bsp.a(alt_dcache_flush_all.o)
 .bss           0x0000000000810240        0x0 ../303_2_bsp/\libhal_bsp.a(alt_dev.o)
 .bss           0x0000000000810240        0x0 ../303_2_bsp/\libhal_bsp.a(alt_dev_llist_insert.o)
 .bss           0x0000000000810240        0x0 ../303_2_bsp/\libhal_bsp.a(alt_do_ctors.o)
 .bss           0x0000000000810240        0x0 ../303_2_bsp/\libhal_bsp.a(alt_do_dtors.o)
 .bss           0x0000000000810240        0x0 ../303_2_bsp/\libhal_bsp.a(alt_errno.o)
 .bss           0x0000000000810240        0x0 ../303_2_bsp/\libhal_bsp.a(alt_icache_flush_all.o)
 .bss           0x0000000000810240        0x0 ../303_2_bsp/\libhal_bsp.a(alt_iic.o)
 .bss           0x0000000000810240        0x0 ../303_2_bsp/\libhal_bsp.a(alt_iic_isr_register.o)
 .bss           0x0000000000810240        0x0 ../303_2_bsp/\libhal_bsp.a(alt_io_redirect.o)
 .bss           0x0000000000810240        0x0 ../303_2_bsp/\libhal_bsp.a(alt_irq_entry.o)
 .bss           0x0000000000810240        0x0 ../303_2_bsp/\libhal_bsp.a(alt_irq_handler.o)
 .bss           0x0000000000810240        0x0 ../303_2_bsp/\libhal_bsp.a(alt_irq_vars.o)
 .bss           0x0000000000810240        0x0 ../303_2_bsp/\libhal_bsp.a(alt_open.o)
 .bss           0x0000000000810240        0x0 ../303_2_bsp/\libhal_bsp.a(alt_release_fd.o)
 .bss           0x0000000000810240        0x0 ../303_2_bsp/\libhal_bsp.a(alt_usleep.o)
 .bss           0x0000000000810240        0x0 ../303_2_bsp/\libhal_bsp.a(altera_nios2_gen2_irq.o)
 .bss           0x0000000000810240        0x0 ../303_2_bsp/\libhal_bsp.a(alt_busy_sleep.o)
 .bss           0x0000000000810240        0x0 ../303_2_bsp/\libhal_bsp.a(alt_exception_entry.o)
 .bss           0x0000000000810240        0x0 ../303_2_bsp/\libhal_bsp.a(alt_find_dev.o)
 .bss           0x0000000000810240        0x0 ../303_2_bsp/\libhal_bsp.a(alt_find_file.o)
 .bss           0x0000000000810240        0x0 ../303_2_bsp/\libhal_bsp.a(alt_get_fd.o)
 .bss           0x0000000000810240        0x0 ../303_2_bsp/\libhal_bsp.a(alt_icache_flush.o)
 .bss           0x0000000000810240        0x0 ../303_2_bsp/\libhal_bsp.a(alt_instruction_exception_entry.o)
 .bss           0x0000000000810240        0x0 c:/intelfpga/18.1/nios2eds/bin/gnu/h-x86_64-mingw32/bin/../lib/gcc/nios2-elf/5.3.0/../../../../../H-x86_64-mingw32/nios2-elf/lib\libc.a(lib_a-atexit.o)
 .bss           0x0000000000810240        0x0 c:/intelfpga/18.1/nios2eds/bin/gnu/h-x86_64-mingw32/bin/../lib/gcc/nios2-elf/5.3.0/../../../../../H-x86_64-mingw32/nios2-elf/lib\libc.a(lib_a-ctype_.o)
 .bss           0x0000000000810240        0x0 c:/intelfpga/18.1/nios2eds/bin/gnu/h-x86_64-mingw32/bin/../lib/gcc/nios2-elf/5.3.0/../../../../../H-x86_64-mingw32/nios2-elf/lib\libc.a(lib_a-exit.o)
 .bss           0x0000000000810240        0x0 c:/intelfpga/18.1/nios2eds/bin/gnu/h-x86_64-mingw32/bin/../lib/gcc/nios2-elf/5.3.0/../../../../../H-x86_64-mingw32/nios2-elf/lib\libc.a(lib_a-impure.o)
 .bss           0x0000000000810240        0x0 c:/intelfpga/18.1/nios2eds/bin/gnu/h-x86_64-mingw32/bin/../lib/gcc/nios2-elf/5.3.0/../../../../../H-x86_64-mingw32/nios2-elf/lib\libc.a(lib_a-int_errno.o)
 .bss           0x0000000000810240        0x0 c:/intelfpga/18.1/nios2eds/bin/gnu/h-x86_64-mingw32/bin/../lib/gcc/nios2-elf/5.3.0/../../../../../H-x86_64-mingw32/nios2-elf/lib\libc.a(lib_a-memcmp.o)
 .bss           0x0000000000810240        0x0 c:/intelfpga/18.1/nios2eds/bin/gnu/h-x86_64-mingw32/bin/../lib/gcc/nios2-elf/5.3.0/../../../../../H-x86_64-mingw32/nios2-elf/lib\libc.a(lib_a-memcpy.o)
 .bss           0x0000000000810240        0x0 c:/intelfpga/18.1/nios2eds/bin/gnu/h-x86_64-mingw32/bin/../lib/gcc/nios2-elf/5.3.0/../../../../../H-x86_64-mingw32/nios2-elf/lib\libc.a(lib_a-memset.o)
 .bss           0x0000000000810240        0x0 c:/intelfpga/18.1/nios2eds/bin/gnu/h-x86_64-mingw32/bin/../lib/gcc/nios2-elf/5.3.0/../../../../../H-x86_64-mingw32/nios2-elf/lib\libc.a(lib_a-strlen.o)
 .bss           0x0000000000810240        0x0 c:/intelfpga/18.1/nios2eds/bin/gnu/h-x86_64-mingw32/bin/../lib/gcc/nios2-elf/5.3.0/../../../../../H-x86_64-mingw32/nios2-elf/lib\libc.a(lib_a-__atexit.o)
 .bss           0x0000000000810240        0x0 c:/intelfpga/18.1/nios2eds/bin/gnu/h-x86_64-mingw32/bin/../lib/gcc/nios2-elf/5.3.0/../../../../../H-x86_64-mingw32/nios2-elf/lib\libc.a(lib_a-__call_atexit.o)
 .bss           0x0000000000810240        0x0 c:/intelfpga/18.1/nios2eds/bin/gnu/h-x86_64-mingw32/bin/../lib/gcc/nios2-elf/5.3.0\libgcc.a(lib2-divmod.o)
 .bss           0x0000000000810240        0x0 ../303_2_bsp/\libhal_bsp.a(alt_exit.o)
 *(COMMON)
 COMMON         0x0000000000810240       0x60 obj/default/c_heart.o
                0x0000000000810240                URI_LRI
                0x0000000000810258                VRP
                0x0000000000810270                AEI_AVI
                0x0000000000810288                PVARP
 COMMON         0x00000000008102a0      0x1cc obj/default/main.o
                0x00000000008102a0                t
                0x0000000000810454                scchart_timer
 COMMON         0x000000000081046c      0x100 ../303_2_bsp/\libhal_bsp.a(alt_irq_handler.o)
                0x000000000081046c                alt_irq
                0x000000000081056c                . = ALIGN (0x4)
                0x000000000081056c                __bss_end = ABSOLUTE (.)

.sdram          0x000000000081056c        0x0
                [!provide]                        PROVIDE (_alt_partition_sdram_start, ABSOLUTE (.))
 *(.sdram .sdram. sdram.*)
                0x000000000081056c                . = ALIGN (0x4)
                [!provide]                        PROVIDE (_alt_partition_sdram_end, ABSOLUTE (.))
                0x000000000081056c                _end = ABSOLUTE (.)
                0x000000000081056c                end = ABSOLUTE (.)
                0x000000000081056c                __alt_stack_base = ABSOLUTE (.)
                [!provide]                        PROVIDE (_alt_partition_sdram_load_addr, LOADADDR (.sdram))

.onchip_mem     0x0000000001008000        0x0 load address 0x000000000081056c
                [!provide]                        PROVIDE (_alt_partition_onchip_mem_start, ABSOLUTE (.))
 *(.onchip_mem .onchip_mem. onchip_mem.*)
                0x0000000001008000                . = ALIGN (0x4)
                [!provide]                        PROVIDE (_alt_partition_onchip_mem_end, ABSOLUTE (.))
                [!provide]                        PROVIDE (_alt_partition_onchip_mem_load_addr, LOADADDR (.onchip_mem))

.stab
 *(.stab)

.stabstr
 *(.stabstr)

.stab.excl
 *(.stab.excl)

.stab.exclstr
 *(.stab.exclstr)

.stab.index
 *(.stab.index)

.stab.indexstr
 *(.stab.indexstr)

.comment        0x0000000000000000       0x23
 *(.comment)
 .comment       0x0000000000000000       0x23 obj/default/c_heart.o
                                         0x24 (size before relaxing)
 .comment       0x0000000000000023       0x24 obj/default/main.o
 .comment       0x0000000000000023       0x24 obj/default/scchart_heart.o
 .comment       0x0000000000000023       0x24 obj/default/uart.o
 .comment       0x0000000000000023       0x24 c:/intelfpga/18.1/nios2eds/bin/gnu/h-x86_64-mingw32/bin/../lib/gcc/nios2-elf/5.3.0\libgcc.a(adddf3.o)
 .comment       0x0000000000000023       0x24 c:/intelfpga/18.1/nios2eds/bin/gnu/h-x86_64-mingw32/bin/../lib/gcc/nios2-elf/5.3.0\libgcc.a(gedf2.o)
 .comment       0x0000000000000023       0x24 c:/intelfpga/18.1/nios2eds/bin/gnu/h-x86_64-mingw32/bin/../lib/gcc/nios2-elf/5.3.0\libgcc.a(ledf2.o)
 .comment       0x0000000000000023       0x24 c:/intelfpga/18.1/nios2eds/bin/gnu/h-x86_64-mingw32/bin/../lib/gcc/nios2-elf/5.3.0\libgcc.a(subdf3.o)
 .comment       0x0000000000000023       0x24 c:/intelfpga/18.1/nios2eds/bin/gnu/h-x86_64-mingw32/bin/../lib/gcc/nios2-elf/5.3.0\libgcc.a(floatsidf.o)
 .comment       0x0000000000000023       0x24 c:/intelfpga/18.1/nios2eds/bin/gnu/h-x86_64-mingw32/bin/../lib/gcc/nios2-elf/5.3.0\libgcc.a(_clzsi2.o)
 .comment       0x0000000000000023       0x24 c:/intelfpga/18.1/nios2eds/bin/gnu/h-x86_64-mingw32/bin/../lib/gcc/nios2-elf/5.3.0\libgcc.a(_clz.o)
 .comment       0x0000000000000023       0x24 ../303_2_bsp/\libhal_bsp.a(alt_alarm_start.o)
 .comment       0x0000000000000023       0x24 ../303_2_bsp/\libhal_bsp.a(alt_load.o)
 .comment       0x0000000000000023       0x24 ../303_2_bsp/\libhal_bsp.a(alt_main.o)
 .comment       0x0000000000000023       0x24 ../303_2_bsp/\libhal_bsp.a(alt_tick.o)
 .comment       0x0000000000000023       0x24 ../303_2_bsp/\libhal_bsp.a(alt_sys_init.o)
 .comment       0x0000000000000023       0x24 ../303_2_bsp/\libhal_bsp.a(altera_avalon_jtag_uart_fd.o)
 .comment       0x0000000000000023       0x24 ../303_2_bsp/\libhal_bsp.a(altera_avalon_jtag_uart_init.o)
 .comment       0x0000000000000023       0x24 ../303_2_bsp/\libhal_bsp.a(altera_avalon_jtag_uart_ioctl.o)
 .comment       0x0000000000000023       0x24 ../303_2_bsp/\libhal_bsp.a(altera_avalon_jtag_uart_read.o)
 .comment       0x0000000000000023       0x24 ../303_2_bsp/\libhal_bsp.a(altera_avalon_jtag_uart_write.o)
 .comment       0x0000000000000023       0x24 ../303_2_bsp/\libhal_bsp.a(altera_avalon_lcd_16207.o)
 .comment       0x0000000000000023       0x24 ../303_2_bsp/\libhal_bsp.a(altera_avalon_lcd_16207_fd.o)
 .comment       0x0000000000000023       0x24 ../303_2_bsp/\libhal_bsp.a(altera_avalon_timer_sc.o)
 .comment       0x0000000000000023       0x24 ../303_2_bsp/\libhal_bsp.a(altera_avalon_uart_fd.o)
 .comment       0x0000000000000023       0x24 ../303_2_bsp/\libhal_bsp.a(altera_avalon_uart_init.o)
 .comment       0x0000000000000023       0x24 ../303_2_bsp/\libhal_bsp.a(altera_avalon_uart_read.o)
 .comment       0x0000000000000023       0x24 ../303_2_bsp/\libhal_bsp.a(altera_avalon_uart_write.o)
 .comment       0x0000000000000023       0x24 ../303_2_bsp/\libhal_bsp.a(alt_close.o)
 .comment       0x0000000000000023       0x24 ../303_2_bsp/\libhal_bsp.a(alt_dcache_flush_all.o)
 .comment       0x0000000000000023       0x24 ../303_2_bsp/\libhal_bsp.a(alt_dev.o)
 .comment       0x0000000000000023       0x24 ../303_2_bsp/\libhal_bsp.a(alt_dev_llist_insert.o)
 .comment       0x0000000000000023       0x24 ../303_2_bsp/\libhal_bsp.a(alt_do_ctors.o)
 .comment       0x0000000000000023       0x24 ../303_2_bsp/\libhal_bsp.a(alt_do_dtors.o)
 .comment       0x0000000000000023       0x24 ../303_2_bsp/\libhal_bsp.a(alt_errno.o)
 .comment       0x0000000000000023       0x24 ../303_2_bsp/\libhal_bsp.a(alt_icache_flush_all.o)
 .comment       0x0000000000000023       0x24 ../303_2_bsp/\libhal_bsp.a(alt_iic.o)
 .comment       0x0000000000000023       0x24 ../303_2_bsp/\libhal_bsp.a(alt_iic_isr_register.o)
 .comment       0x0000000000000023       0x24 ../303_2_bsp/\libhal_bsp.a(alt_io_redirect.o)
 .comment       0x0000000000000023       0x24 ../303_2_bsp/\libhal_bsp.a(alt_irq_handler.o)
 .comment       0x0000000000000023       0x24 ../303_2_bsp/\libhal_bsp.a(alt_irq_vars.o)
 .comment       0x0000000000000023       0x24 ../303_2_bsp/\libhal_bsp.a(alt_open.o)
 .comment       0x0000000000000023       0x24 ../303_2_bsp/\libhal_bsp.a(alt_release_fd.o)
 .comment       0x0000000000000023       0x24 ../303_2_bsp/\libhal_bsp.a(alt_usleep.o)
 .comment       0x0000000000000023       0x24 ../303_2_bsp/\libhal_bsp.a(altera_nios2_gen2_irq.o)
 .comment       0x0000000000000023       0x24 ../303_2_bsp/\libhal_bsp.a(alt_busy_sleep.o)
 .comment       0x0000000000000023       0x24 ../303_2_bsp/\libhal_bsp.a(alt_find_dev.o)
 .comment       0x0000000000000023       0x24 ../303_2_bsp/\libhal_bsp.a(alt_find_file.o)
 .comment       0x0000000000000023       0x24 ../303_2_bsp/\libhal_bsp.a(alt_get_fd.o)
 .comment       0x0000000000000023       0x24 ../303_2_bsp/\libhal_bsp.a(alt_icache_flush.o)
 .comment       0x0000000000000023       0x24 ../303_2_bsp/\libhal_bsp.a(alt_instruction_exception_entry.o)
 .comment       0x0000000000000023       0x24 c:/intelfpga/18.1/nios2eds/bin/gnu/h-x86_64-mingw32/bin/../lib/gcc/nios2-elf/5.3.0/../../../../../H-x86_64-mingw32/nios2-elf/lib\libc.a(lib_a-atexit.o)
 .comment       0x0000000000000023       0x24 c:/intelfpga/18.1/nios2eds/bin/gnu/h-x86_64-mingw32/bin/../lib/gcc/nios2-elf/5.3.0/../../../../../H-x86_64-mingw32/nios2-elf/lib\libc.a(lib_a-ctype_.o)
 .comment       0x0000000000000023       0x24 c:/intelfpga/18.1/nios2eds/bin/gnu/h-x86_64-mingw32/bin/../lib/gcc/nios2-elf/5.3.0/../../../../../H-x86_64-mingw32/nios2-elf/lib\libc.a(lib_a-exit.o)
 .comment       0x0000000000000023       0x24 c:/intelfpga/18.1/nios2eds/bin/gnu/h-x86_64-mingw32/bin/../lib/gcc/nios2-elf/5.3.0/../../../../../H-x86_64-mingw32/nios2-elf/lib\libc.a(lib_a-impure.o)
 .comment       0x0000000000000023       0x24 c:/intelfpga/18.1/nios2eds/bin/gnu/h-x86_64-mingw32/bin/../lib/gcc/nios2-elf/5.3.0/../../../../../H-x86_64-mingw32/nios2-elf/lib\libc.a(lib_a-int_errno.o)
 .comment       0x0000000000000023       0x24 c:/intelfpga/18.1/nios2eds/bin/gnu/h-x86_64-mingw32/bin/../lib/gcc/nios2-elf/5.3.0/../../../../../H-x86_64-mingw32/nios2-elf/lib\libc.a(lib_a-memcmp.o)
 .comment       0x0000000000000023       0x24 c:/intelfpga/18.1/nios2eds/bin/gnu/h-x86_64-mingw32/bin/../lib/gcc/nios2-elf/5.3.0/../../../../../H-x86_64-mingw32/nios2-elf/lib\libc.a(lib_a-memcpy.o)
 .comment       0x0000000000000023       0x24 c:/intelfpga/18.1/nios2eds/bin/gnu/h-x86_64-mingw32/bin/../lib/gcc/nios2-elf/5.3.0/../../../../../H-x86_64-mingw32/nios2-elf/lib\libc.a(lib_a-memset.o)
 .comment       0x0000000000000023       0x24 c:/intelfpga/18.1/nios2eds/bin/gnu/h-x86_64-mingw32/bin/../lib/gcc/nios2-elf/5.3.0/../../../../../H-x86_64-mingw32/nios2-elf/lib\libc.a(lib_a-strlen.o)
 .comment       0x0000000000000023       0x24 c:/intelfpga/18.1/nios2eds/bin/gnu/h-x86_64-mingw32/bin/../lib/gcc/nios2-elf/5.3.0/../../../../../H-x86_64-mingw32/nios2-elf/lib\libc.a(lib_a-__atexit.o)
 .comment       0x0000000000000023       0x24 c:/intelfpga/18.1/nios2eds/bin/gnu/h-x86_64-mingw32/bin/../lib/gcc/nios2-elf/5.3.0/../../../../../H-x86_64-mingw32/nios2-elf/lib\libc.a(lib_a-__call_atexit.o)
 .comment       0x0000000000000023       0x24 c:/intelfpga/18.1/nios2eds/bin/gnu/h-x86_64-mingw32/bin/../lib/gcc/nios2-elf/5.3.0\libgcc.a(lib2-divmod.o)
 .comment       0x0000000000000023       0x24 ../303_2_bsp/\libhal_bsp.a(alt_exit.o)

.debug
 *(.debug)

.line
 *(.line)

.debug_srcinfo
 *(.debug_srcinfo)

.debug_sfnames
 *(.debug_sfnames)

.debug_aranges  0x0000000000000000      0x868
 *(.debug_aranges)
 .debug_aranges
                0x0000000000000000       0x28 ../303_2_bsp//obj/HAL/src/crt0.o
 .debug_aranges
                0x0000000000000028       0x20 obj/default/c_heart.o
 .debug_aranges
                0x0000000000000048       0x20 obj/default/main.o
 .debug_aranges
                0x0000000000000068       0x20 obj/default/scchart_heart.o
 .debug_aranges
                0x0000000000000088       0x20 obj/default/uart.o
 .debug_aranges
                0x00000000000000a8       0x20 c:/intelfpga/18.1/nios2eds/bin/gnu/h-x86_64-mingw32/bin/../lib/gcc/nios2-elf/5.3.0\libgcc.a(adddf3.o)
 .debug_aranges
                0x00000000000000c8       0x20 c:/intelfpga/18.1/nios2eds/bin/gnu/h-x86_64-mingw32/bin/../lib/gcc/nios2-elf/5.3.0\libgcc.a(gedf2.o)
 .debug_aranges
                0x00000000000000e8       0x20 c:/intelfpga/18.1/nios2eds/bin/gnu/h-x86_64-mingw32/bin/../lib/gcc/nios2-elf/5.3.0\libgcc.a(ledf2.o)
 .debug_aranges
                0x0000000000000108       0x20 c:/intelfpga/18.1/nios2eds/bin/gnu/h-x86_64-mingw32/bin/../lib/gcc/nios2-elf/5.3.0\libgcc.a(subdf3.o)
 .debug_aranges
                0x0000000000000128       0x20 c:/intelfpga/18.1/nios2eds/bin/gnu/h-x86_64-mingw32/bin/../lib/gcc/nios2-elf/5.3.0\libgcc.a(floatsidf.o)
 .debug_aranges
                0x0000000000000148       0x20 c:/intelfpga/18.1/nios2eds/bin/gnu/h-x86_64-mingw32/bin/../lib/gcc/nios2-elf/5.3.0\libgcc.a(_clzsi2.o)
 .debug_aranges
                0x0000000000000168       0x18 c:/intelfpga/18.1/nios2eds/bin/gnu/h-x86_64-mingw32/bin/../lib/gcc/nios2-elf/5.3.0\libgcc.a(_clz.o)
 .debug_aranges
                0x0000000000000180       0x20 ../303_2_bsp/\libhal_bsp.a(alt_alarm_start.o)
 .debug_aranges
                0x00000000000001a0       0x20 ../303_2_bsp/\libhal_bsp.a(alt_load.o)
 .debug_aranges
                0x00000000000001c0       0x20 ../303_2_bsp/\libhal_bsp.a(alt_main.o)
 .debug_aranges
                0x00000000000001e0       0x20 ../303_2_bsp/\libhal_bsp.a(alt_tick.o)
 .debug_aranges
                0x0000000000000200       0x20 ../303_2_bsp/\libhal_bsp.a(alt_sys_init.o)
 .debug_aranges
                0x0000000000000220       0x20 ../303_2_bsp/\libhal_bsp.a(altera_avalon_jtag_uart_fd.o)
 .debug_aranges
                0x0000000000000240       0x20 ../303_2_bsp/\libhal_bsp.a(altera_avalon_jtag_uart_init.o)
 .debug_aranges
                0x0000000000000260       0x20 ../303_2_bsp/\libhal_bsp.a(altera_avalon_jtag_uart_ioctl.o)
 .debug_aranges
                0x0000000000000280       0x20 ../303_2_bsp/\libhal_bsp.a(altera_avalon_jtag_uart_read.o)
 .debug_aranges
                0x00000000000002a0       0x20 ../303_2_bsp/\libhal_bsp.a(altera_avalon_jtag_uart_write.o)
 .debug_aranges
                0x00000000000002c0       0x20 ../303_2_bsp/\libhal_bsp.a(altera_avalon_lcd_16207.o)
 .debug_aranges
                0x00000000000002e0       0x20 ../303_2_bsp/\libhal_bsp.a(altera_avalon_lcd_16207_fd.o)
 .debug_aranges
                0x0000000000000300       0x20 ../303_2_bsp/\libhal_bsp.a(altera_avalon_timer_sc.o)
 .debug_aranges
                0x0000000000000320       0x20 ../303_2_bsp/\libhal_bsp.a(altera_avalon_uart_fd.o)
 .debug_aranges
                0x0000000000000340       0x20 ../303_2_bsp/\libhal_bsp.a(altera_avalon_uart_init.o)
 .debug_aranges
                0x0000000000000360       0x20 ../303_2_bsp/\libhal_bsp.a(altera_avalon_uart_read.o)
 .debug_aranges
                0x0000000000000380       0x20 ../303_2_bsp/\libhal_bsp.a(altera_avalon_uart_write.o)
 .debug_aranges
                0x00000000000003a0       0x20 ../303_2_bsp/\libhal_bsp.a(alt_close.o)
 .debug_aranges
                0x00000000000003c0       0x20 ../303_2_bsp/\libhal_bsp.a(alt_dcache_flush_all.o)
 .debug_aranges
                0x00000000000003e0       0x20 ../303_2_bsp/\libhal_bsp.a(alt_dev.o)
 .debug_aranges
                0x0000000000000400       0x20 ../303_2_bsp/\libhal_bsp.a(alt_dev_llist_insert.o)
 .debug_aranges
                0x0000000000000420       0x20 ../303_2_bsp/\libhal_bsp.a(alt_do_ctors.o)
 .debug_aranges
                0x0000000000000440       0x20 ../303_2_bsp/\libhal_bsp.a(alt_do_dtors.o)
 .debug_aranges
                0x0000000000000460       0x18 ../303_2_bsp/\libhal_bsp.a(alt_errno.o)
 .debug_aranges
                0x0000000000000478       0x20 ../303_2_bsp/\libhal_bsp.a(alt_icache_flush_all.o)
 .debug_aranges
                0x0000000000000498       0x20 ../303_2_bsp/\libhal_bsp.a(alt_iic.o)
 .debug_aranges
                0x00000000000004b8       0x20 ../303_2_bsp/\libhal_bsp.a(alt_iic_isr_register.o)
 .debug_aranges
                0x00000000000004d8       0x20 ../303_2_bsp/\libhal_bsp.a(alt_io_redirect.o)
 .debug_aranges
                0x00000000000004f8       0x30 ../303_2_bsp/\libhal_bsp.a(alt_irq_entry.o)
 .debug_aranges
                0x0000000000000528       0x20 ../303_2_bsp/\libhal_bsp.a(alt_irq_handler.o)
 .debug_aranges
                0x0000000000000548       0x18 ../303_2_bsp/\libhal_bsp.a(alt_irq_vars.o)
 .debug_aranges
                0x0000000000000560       0x20 ../303_2_bsp/\libhal_bsp.a(alt_open.o)
 .debug_aranges
                0x0000000000000580       0x20 ../303_2_bsp/\libhal_bsp.a(alt_release_fd.o)
 .debug_aranges
                0x00000000000005a0       0x20 ../303_2_bsp/\libhal_bsp.a(alt_usleep.o)
 .debug_aranges
                0x00000000000005c0       0x20 ../303_2_bsp/\libhal_bsp.a(altera_nios2_gen2_irq.o)
 .debug_aranges
                0x00000000000005e0       0x20 ../303_2_bsp/\libhal_bsp.a(alt_busy_sleep.o)
 .debug_aranges
                0x0000000000000600       0x38 ../303_2_bsp/\libhal_bsp.a(alt_exception_entry.o)
 .debug_aranges
                0x0000000000000638       0x20 ../303_2_bsp/\libhal_bsp.a(alt_find_dev.o)
 .debug_aranges
                0x0000000000000658       0x20 ../303_2_bsp/\libhal_bsp.a(alt_find_file.o)
 .debug_aranges
                0x0000000000000678       0x20 ../303_2_bsp/\libhal_bsp.a(alt_get_fd.o)
 .debug_aranges
                0x0000000000000698       0x20 ../303_2_bsp/\libhal_bsp.a(alt_icache_flush.o)
 .debug_aranges
                0x00000000000006b8       0x28 ../303_2_bsp/\libhal_bsp.a(alt_instruction_exception_entry.o)
 .debug_aranges
                0x00000000000006e0       0x20 c:/intelfpga/18.1/nios2eds/bin/gnu/h-x86_64-mingw32/bin/../lib/gcc/nios2-elf/5.3.0/../../../../../H-x86_64-mingw32/nios2-elf/lib\libc.a(lib_a-atexit.o)
 .debug_aranges
                0x0000000000000700       0x18 c:/intelfpga/18.1/nios2eds/bin/gnu/h-x86_64-mingw32/bin/../lib/gcc/nios2-elf/5.3.0/../../../../../H-x86_64-mingw32/nios2-elf/lib\libc.a(lib_a-ctype_.o)
 .debug_aranges
                0x0000000000000718       0x20 c:/intelfpga/18.1/nios2eds/bin/gnu/h-x86_64-mingw32/bin/../lib/gcc/nios2-elf/5.3.0/../../../../../H-x86_64-mingw32/nios2-elf/lib\libc.a(lib_a-exit.o)
 .debug_aranges
                0x0000000000000738       0x18 c:/intelfpga/18.1/nios2eds/bin/gnu/h-x86_64-mingw32/bin/../lib/gcc/nios2-elf/5.3.0/../../../../../H-x86_64-mingw32/nios2-elf/lib\libc.a(lib_a-impure.o)
 .debug_aranges
                0x0000000000000750       0x18 c:/intelfpga/18.1/nios2eds/bin/gnu/h-x86_64-mingw32/bin/../lib/gcc/nios2-elf/5.3.0/../../../../../H-x86_64-mingw32/nios2-elf/lib\libc.a(lib_a-int_errno.o)
 .debug_aranges
                0x0000000000000768       0x20 c:/intelfpga/18.1/nios2eds/bin/gnu/h-x86_64-mingw32/bin/../lib/gcc/nios2-elf/5.3.0/../../../../../H-x86_64-mingw32/nios2-elf/lib\libc.a(lib_a-memcmp.o)
 .debug_aranges
                0x0000000000000788       0x20 c:/intelfpga/18.1/nios2eds/bin/gnu/h-x86_64-mingw32/bin/../lib/gcc/nios2-elf/5.3.0/../../../../../H-x86_64-mingw32/nios2-elf/lib\libc.a(lib_a-memcpy.o)
 .debug_aranges
                0x00000000000007a8       0x20 c:/intelfpga/18.1/nios2eds/bin/gnu/h-x86_64-mingw32/bin/../lib/gcc/nios2-elf/5.3.0/../../../../../H-x86_64-mingw32/nios2-elf/lib\libc.a(lib_a-memset.o)
 .debug_aranges
                0x00000000000007c8       0x20 c:/intelfpga/18.1/nios2eds/bin/gnu/h-x86_64-mingw32/bin/../lib/gcc/nios2-elf/5.3.0/../../../../../H-x86_64-mingw32/nios2-elf/lib\libc.a(lib_a-strlen.o)
 .debug_aranges
                0x00000000000007e8       0x20 c:/intelfpga/18.1/nios2eds/bin/gnu/h-x86_64-mingw32/bin/../lib/gcc/nios2-elf/5.3.0/../../../../../H-x86_64-mingw32/nios2-elf/lib\libc.a(lib_a-__atexit.o)
 .debug_aranges
                0x0000000000000808       0x20 c:/intelfpga/18.1/nios2eds/bin/gnu/h-x86_64-mingw32/bin/../lib/gcc/nios2-elf/5.3.0/../../../../../H-x86_64-mingw32/nios2-elf/lib\libc.a(lib_a-__call_atexit.o)
 .debug_aranges
                0x0000000000000828       0x20 c:/intelfpga/18.1/nios2eds/bin/gnu/h-x86_64-mingw32/bin/../lib/gcc/nios2-elf/5.3.0\libgcc.a(lib2-divmod.o)
 .debug_aranges
                0x0000000000000848       0x20 ../303_2_bsp/\libhal_bsp.a(alt_exit.o)

.debug_pubnames
 *(.debug_pubnames)

.debug_info     0x0000000000000000     0xd3fd
 *(.debug_info .gnu.linkonce.wi.*)
 .debug_info    0x0000000000000000       0x61 ../303_2_bsp//obj/HAL/src/crt0.o
 .debug_info    0x0000000000000061      0x2bf obj/default/c_heart.o
 .debug_info    0x0000000000000320     0x146a obj/default/main.o
 .debug_info    0x000000000000178a     0x12fe obj/default/scchart_heart.o
 .debug_info    0x0000000000002a88       0xc9 obj/default/uart.o
 .debug_info    0x0000000000002b51      0x4a2 c:/intelfpga/18.1/nios2eds/bin/gnu/h-x86_64-mingw32/bin/../lib/gcc/nios2-elf/5.3.0\libgcc.a(adddf3.o)
 .debug_info    0x0000000000002ff3      0x202 c:/intelfpga/18.1/nios2eds/bin/gnu/h-x86_64-mingw32/bin/../lib/gcc/nios2-elf/5.3.0\libgcc.a(gedf2.o)
 .debug_info    0x00000000000031f5      0x204 c:/intelfpga/18.1/nios2eds/bin/gnu/h-x86_64-mingw32/bin/../lib/gcc/nios2-elf/5.3.0\libgcc.a(ledf2.o)
 .debug_info    0x00000000000033f9      0x4a2 c:/intelfpga/18.1/nios2eds/bin/gnu/h-x86_64-mingw32/bin/../lib/gcc/nios2-elf/5.3.0\libgcc.a(subdf3.o)
 .debug_info    0x000000000000389b      0x1bc c:/intelfpga/18.1/nios2eds/bin/gnu/h-x86_64-mingw32/bin/../lib/gcc/nios2-elf/5.3.0\libgcc.a(floatsidf.o)
 .debug_info    0x0000000000003a57      0x124 c:/intelfpga/18.1/nios2eds/bin/gnu/h-x86_64-mingw32/bin/../lib/gcc/nios2-elf/5.3.0\libgcc.a(_clzsi2.o)
 .debug_info    0x0000000000003b7b       0xb2 c:/intelfpga/18.1/nios2eds/bin/gnu/h-x86_64-mingw32/bin/../lib/gcc/nios2-elf/5.3.0\libgcc.a(_clz.o)
 .debug_info    0x0000000000003c2d      0x2cc ../303_2_bsp/\libhal_bsp.a(alt_alarm_start.o)
 .debug_info    0x0000000000003ef9      0x145 ../303_2_bsp/\libhal_bsp.a(alt_load.o)
 .debug_info    0x000000000000403e      0x131 ../303_2_bsp/\libhal_bsp.a(alt_main.o)
 .debug_info    0x000000000000416f      0x299 ../303_2_bsp/\libhal_bsp.a(alt_tick.o)
 .debug_info    0x0000000000004408      0x723 ../303_2_bsp/\libhal_bsp.a(alt_sys_init.o)
 .debug_info    0x0000000000004b2b      0x52e ../303_2_bsp/\libhal_bsp.a(altera_avalon_jtag_uart_fd.o)
 .debug_info    0x0000000000005059      0x3a0 ../303_2_bsp/\libhal_bsp.a(altera_avalon_jtag_uart_init.o)
 .debug_info    0x00000000000053f9      0x280 ../303_2_bsp/\libhal_bsp.a(altera_avalon_jtag_uart_ioctl.o)
 .debug_info    0x0000000000005679      0x345 ../303_2_bsp/\libhal_bsp.a(altera_avalon_jtag_uart_read.o)
 .debug_info    0x00000000000059be      0x340 ../303_2_bsp/\libhal_bsp.a(altera_avalon_jtag_uart_write.o)
 .debug_info    0x0000000000005cfe      0x6d1 ../303_2_bsp/\libhal_bsp.a(altera_avalon_lcd_16207.o)
 .debug_info    0x00000000000063cf      0x4cc ../303_2_bsp/\libhal_bsp.a(altera_avalon_lcd_16207_fd.o)
 .debug_info    0x000000000000689b      0x226 ../303_2_bsp/\libhal_bsp.a(altera_avalon_timer_sc.o)
 .debug_info    0x0000000000006ac1      0x447 ../303_2_bsp/\libhal_bsp.a(altera_avalon_uart_fd.o)
 .debug_info    0x0000000000006f08      0x333 ../303_2_bsp/\libhal_bsp.a(altera_avalon_uart_init.o)
 .debug_info    0x000000000000723b      0x319 ../303_2_bsp/\libhal_bsp.a(altera_avalon_uart_read.o)
 .debug_info    0x0000000000007554      0x31e ../303_2_bsp/\libhal_bsp.a(altera_avalon_uart_write.o)
 .debug_info    0x0000000000007872      0x321 ../303_2_bsp/\libhal_bsp.a(alt_close.o)
 .debug_info    0x0000000000007b93       0xa5 ../303_2_bsp/\libhal_bsp.a(alt_dcache_flush_all.o)
 .debug_info    0x0000000000007c38      0x49c ../303_2_bsp/\libhal_bsp.a(alt_dev.o)
 .debug_info    0x00000000000080d4      0x1a9 ../303_2_bsp/\libhal_bsp.a(alt_dev_llist_insert.o)
 .debug_info    0x000000000000827d       0x83 ../303_2_bsp/\libhal_bsp.a(alt_do_ctors.o)
 .debug_info    0x0000000000008300       0x83 ../303_2_bsp/\libhal_bsp.a(alt_do_dtors.o)
 .debug_info    0x0000000000008383       0xa6 ../303_2_bsp/\libhal_bsp.a(alt_errno.o)
 .debug_info    0x0000000000008429       0x92 ../303_2_bsp/\libhal_bsp.a(alt_icache_flush_all.o)
 .debug_info    0x00000000000084bb      0x350 ../303_2_bsp/\libhal_bsp.a(alt_iic.o)
 .debug_info    0x000000000000880b      0x1ef ../303_2_bsp/\libhal_bsp.a(alt_iic_isr_register.o)
 .debug_info    0x00000000000089fa      0x4a5 ../303_2_bsp/\libhal_bsp.a(alt_io_redirect.o)
 .debug_info    0x0000000000008e9f       0x6a ../303_2_bsp/\libhal_bsp.a(alt_irq_entry.o)
 .debug_info    0x0000000000008f09      0x187 ../303_2_bsp/\libhal_bsp.a(alt_irq_handler.o)
 .debug_info    0x0000000000009090       0x88 ../303_2_bsp/\libhal_bsp.a(alt_irq_vars.o)
 .debug_info    0x0000000000009118      0x3bb ../303_2_bsp/\libhal_bsp.a(alt_open.o)
 .debug_info    0x00000000000094d3      0x2b0 ../303_2_bsp/\libhal_bsp.a(alt_release_fd.o)
 .debug_info    0x0000000000009783       0xb0 ../303_2_bsp/\libhal_bsp.a(alt_usleep.o)
 .debug_info    0x0000000000009833       0x92 ../303_2_bsp/\libhal_bsp.a(altera_nios2_gen2_irq.o)
 .debug_info    0x00000000000098c5       0xd7 ../303_2_bsp/\libhal_bsp.a(alt_busy_sleep.o)
 .debug_info    0x000000000000999c       0x70 ../303_2_bsp/\libhal_bsp.a(alt_exception_entry.o)
 .debug_info    0x0000000000009a0c      0x2e9 ../303_2_bsp/\libhal_bsp.a(alt_find_dev.o)
 .debug_info    0x0000000000009cf5      0x2e6 ../303_2_bsp/\libhal_bsp.a(alt_find_file.o)
 .debug_info    0x0000000000009fdb      0x310 ../303_2_bsp/\libhal_bsp.a(alt_get_fd.o)
 .debug_info    0x000000000000a2eb       0xdc ../303_2_bsp/\libhal_bsp.a(alt_icache_flush.o)
 .debug_info    0x000000000000a3c7      0x1e7 ../303_2_bsp/\libhal_bsp.a(alt_instruction_exception_entry.o)
 .debug_info    0x000000000000a5ae       0xfe c:/intelfpga/18.1/nios2eds/bin/gnu/h-x86_64-mingw32/bin/../lib/gcc/nios2-elf/5.3.0/../../../../../H-x86_64-mingw32/nios2-elf/lib\libc.a(lib_a-atexit.o)
 .debug_info    0x000000000000a6ac       0x96 c:/intelfpga/18.1/nios2eds/bin/gnu/h-x86_64-mingw32/bin/../lib/gcc/nios2-elf/5.3.0/../../../../../H-x86_64-mingw32/nios2-elf/lib\libc.a(lib_a-ctype_.o)
 .debug_info    0x000000000000a742      0x8e4 c:/intelfpga/18.1/nios2eds/bin/gnu/h-x86_64-mingw32/bin/../lib/gcc/nios2-elf/5.3.0/../../../../../H-x86_64-mingw32/nios2-elf/lib\libc.a(lib_a-exit.o)
 .debug_info    0x000000000000b026      0x8a1 c:/intelfpga/18.1/nios2eds/bin/gnu/h-x86_64-mingw32/bin/../lib/gcc/nios2-elf/5.3.0/../../../../../H-x86_64-mingw32/nios2-elf/lib\libc.a(lib_a-impure.o)
 .debug_info    0x000000000000b8c7       0x8a c:/intelfpga/18.1/nios2eds/bin/gnu/h-x86_64-mingw32/bin/../lib/gcc/nios2-elf/5.3.0/../../../../../H-x86_64-mingw32/nios2-elf/lib\libc.a(lib_a-int_errno.o)
 .debug_info    0x000000000000b951      0x11a c:/intelfpga/18.1/nios2eds/bin/gnu/h-x86_64-mingw32/bin/../lib/gcc/nios2-elf/5.3.0/../../../../../H-x86_64-mingw32/nios2-elf/lib\libc.a(lib_a-memcmp.o)
 .debug_info    0x000000000000ba6b      0x144 c:/intelfpga/18.1/nios2eds/bin/gnu/h-x86_64-mingw32/bin/../lib/gcc/nios2-elf/5.3.0/../../../../../H-x86_64-mingw32/nios2-elf/lib\libc.a(lib_a-memcpy.o)
 .debug_info    0x000000000000bbaf      0x121 c:/intelfpga/18.1/nios2eds/bin/gnu/h-x86_64-mingw32/bin/../lib/gcc/nios2-elf/5.3.0/../../../../../H-x86_64-mingw32/nios2-elf/lib\libc.a(lib_a-memset.o)
 .debug_info    0x000000000000bcd0       0xe2 c:/intelfpga/18.1/nios2eds/bin/gnu/h-x86_64-mingw32/bin/../lib/gcc/nios2-elf/5.3.0/../../../../../H-x86_64-mingw32/nios2-elf/lib\libc.a(lib_a-strlen.o)
 .debug_info    0x000000000000bdb2      0x934 c:/intelfpga/18.1/nios2eds/bin/gnu/h-x86_64-mingw32/bin/../lib/gcc/nios2-elf/5.3.0/../../../../../H-x86_64-mingw32/nios2-elf/lib\libc.a(lib_a-__atexit.o)
 .debug_info    0x000000000000c6e6      0x965 c:/intelfpga/18.1/nios2eds/bin/gnu/h-x86_64-mingw32/bin/../lib/gcc/nios2-elf/5.3.0/../../../../../H-x86_64-mingw32/nios2-elf/lib\libc.a(lib_a-__call_atexit.o)
 .debug_info    0x000000000000d04b      0x2c6 c:/intelfpga/18.1/nios2eds/bin/gnu/h-x86_64-mingw32/bin/../lib/gcc/nios2-elf/5.3.0\libgcc.a(lib2-divmod.o)
 .debug_info    0x000000000000d311       0xec ../303_2_bsp/\libhal_bsp.a(alt_exit.o)

.debug_abbrev   0x0000000000000000     0x410d
 *(.debug_abbrev)
 .debug_abbrev  0x0000000000000000       0x12 ../303_2_bsp//obj/HAL/src/crt0.o
 .debug_abbrev  0x0000000000000012       0xf5 obj/default/c_heart.o
 .debug_abbrev  0x0000000000000107      0x168 obj/default/main.o
 .debug_abbrev  0x000000000000026f      0x102 obj/default/scchart_heart.o
 .debug_abbrev  0x0000000000000371       0x85 obj/default/uart.o
 .debug_abbrev  0x00000000000003f6      0x13a c:/intelfpga/18.1/nios2eds/bin/gnu/h-x86_64-mingw32/bin/../lib/gcc/nios2-elf/5.3.0\libgcc.a(adddf3.o)
 .debug_abbrev  0x0000000000000530      0x137 c:/intelfpga/18.1/nios2eds/bin/gnu/h-x86_64-mingw32/bin/../lib/gcc/nios2-elf/5.3.0\libgcc.a(gedf2.o)
 .debug_abbrev  0x0000000000000667      0x137 c:/intelfpga/18.1/nios2eds/bin/gnu/h-x86_64-mingw32/bin/../lib/gcc/nios2-elf/5.3.0\libgcc.a(ledf2.o)
 .debug_abbrev  0x000000000000079e      0x133 c:/intelfpga/18.1/nios2eds/bin/gnu/h-x86_64-mingw32/bin/../lib/gcc/nios2-elf/5.3.0\libgcc.a(subdf3.o)
 .debug_abbrev  0x00000000000008d1      0x124 c:/intelfpga/18.1/nios2eds/bin/gnu/h-x86_64-mingw32/bin/../lib/gcc/nios2-elf/5.3.0\libgcc.a(floatsidf.o)
 .debug_abbrev  0x00000000000009f5       0xbe c:/intelfpga/18.1/nios2eds/bin/gnu/h-x86_64-mingw32/bin/../lib/gcc/nios2-elf/5.3.0\libgcc.a(_clzsi2.o)
 .debug_abbrev  0x0000000000000ab3       0x5d c:/intelfpga/18.1/nios2eds/bin/gnu/h-x86_64-mingw32/bin/../lib/gcc/nios2-elf/5.3.0\libgcc.a(_clz.o)
 .debug_abbrev  0x0000000000000b10      0x162 ../303_2_bsp/\libhal_bsp.a(alt_alarm_start.o)
 .debug_abbrev  0x0000000000000c72       0x9f ../303_2_bsp/\libhal_bsp.a(alt_load.o)
 .debug_abbrev  0x0000000000000d11       0xba ../303_2_bsp/\libhal_bsp.a(alt_main.o)
 .debug_abbrev  0x0000000000000dcb      0x15a ../303_2_bsp/\libhal_bsp.a(alt_tick.o)
 .debug_abbrev  0x0000000000000f25      0x19f ../303_2_bsp/\libhal_bsp.a(alt_sys_init.o)
 .debug_abbrev  0x00000000000010c4      0x127 ../303_2_bsp/\libhal_bsp.a(altera_avalon_jtag_uart_fd.o)
 .debug_abbrev  0x00000000000011eb      0x19e ../303_2_bsp/\libhal_bsp.a(altera_avalon_jtag_uart_init.o)
 .debug_abbrev  0x0000000000001389      0x111 ../303_2_bsp/\libhal_bsp.a(altera_avalon_jtag_uart_ioctl.o)
 .debug_abbrev  0x000000000000149a      0x1aa ../303_2_bsp/\libhal_bsp.a(altera_avalon_jtag_uart_read.o)
 .debug_abbrev  0x0000000000001644      0x1a8 ../303_2_bsp/\libhal_bsp.a(altera_avalon_jtag_uart_write.o)
 .debug_abbrev  0x00000000000017ec      0x20f ../303_2_bsp/\libhal_bsp.a(altera_avalon_lcd_16207.o)
 .debug_abbrev  0x00000000000019fb      0x125 ../303_2_bsp/\libhal_bsp.a(altera_avalon_lcd_16207_fd.o)
 .debug_abbrev  0x0000000000001b20      0x155 ../303_2_bsp/\libhal_bsp.a(altera_avalon_timer_sc.o)
 .debug_abbrev  0x0000000000001c75      0x109 ../303_2_bsp/\libhal_bsp.a(altera_avalon_uart_fd.o)
 .debug_abbrev  0x0000000000001d7e      0x178 ../303_2_bsp/\libhal_bsp.a(altera_avalon_uart_init.o)
 .debug_abbrev  0x0000000000001ef6      0x183 ../303_2_bsp/\libhal_bsp.a(altera_avalon_uart_read.o)
 .debug_abbrev  0x0000000000002079      0x18a ../303_2_bsp/\libhal_bsp.a(altera_avalon_uart_write.o)
 .debug_abbrev  0x0000000000002203      0x11f ../303_2_bsp/\libhal_bsp.a(alt_close.o)
 .debug_abbrev  0x0000000000002322       0x5a ../303_2_bsp/\libhal_bsp.a(alt_dcache_flush_all.o)
 .debug_abbrev  0x000000000000237c       0xd9 ../303_2_bsp/\libhal_bsp.a(alt_dev.o)
 .debug_abbrev  0x0000000000002455      0x114 ../303_2_bsp/\libhal_bsp.a(alt_dev_llist_insert.o)
 .debug_abbrev  0x0000000000002569       0x79 ../303_2_bsp/\libhal_bsp.a(alt_do_ctors.o)
 .debug_abbrev  0x00000000000025e2       0x79 ../303_2_bsp/\libhal_bsp.a(alt_do_dtors.o)
 .debug_abbrev  0x000000000000265b       0x5a ../303_2_bsp/\libhal_bsp.a(alt_errno.o)
 .debug_abbrev  0x00000000000026b5       0x42 ../303_2_bsp/\libhal_bsp.a(alt_icache_flush_all.o)
 .debug_abbrev  0x00000000000026f7      0x163 ../303_2_bsp/\libhal_bsp.a(alt_iic.o)
 .debug_abbrev  0x000000000000285a      0x169 ../303_2_bsp/\libhal_bsp.a(alt_iic_isr_register.o)
 .debug_abbrev  0x00000000000029c3      0x114 ../303_2_bsp/\libhal_bsp.a(alt_io_redirect.o)
 .debug_abbrev  0x0000000000002ad7       0x12 ../303_2_bsp/\libhal_bsp.a(alt_irq_entry.o)
 .debug_abbrev  0x0000000000002ae9      0x122 ../303_2_bsp/\libhal_bsp.a(alt_irq_handler.o)
 .debug_abbrev  0x0000000000002c0b       0x40 ../303_2_bsp/\libhal_bsp.a(alt_irq_vars.o)
 .debug_abbrev  0x0000000000002c4b      0x148 ../303_2_bsp/\libhal_bsp.a(alt_open.o)
 .debug_abbrev  0x0000000000002d93       0xde ../303_2_bsp/\libhal_bsp.a(alt_release_fd.o)
 .debug_abbrev  0x0000000000002e71       0x60 ../303_2_bsp/\libhal_bsp.a(alt_usleep.o)
 .debug_abbrev  0x0000000000002ed1       0x42 ../303_2_bsp/\libhal_bsp.a(altera_nios2_gen2_irq.o)
 .debug_abbrev  0x0000000000002f13       0x7e ../303_2_bsp/\libhal_bsp.a(alt_busy_sleep.o)
 .debug_abbrev  0x0000000000002f91       0x12 ../303_2_bsp/\libhal_bsp.a(alt_exception_entry.o)
 .debug_abbrev  0x0000000000002fa3       0xf0 ../303_2_bsp/\libhal_bsp.a(alt_find_dev.o)
 .debug_abbrev  0x0000000000003093       0xf0 ../303_2_bsp/\libhal_bsp.a(alt_find_file.o)
 .debug_abbrev  0x0000000000003183      0x10d ../303_2_bsp/\libhal_bsp.a(alt_get_fd.o)
 .debug_abbrev  0x0000000000003290       0x8c ../303_2_bsp/\libhal_bsp.a(alt_icache_flush.o)
 .debug_abbrev  0x000000000000331c       0xdc ../303_2_bsp/\libhal_bsp.a(alt_instruction_exception_entry.o)
 .debug_abbrev  0x00000000000033f8       0xaa c:/intelfpga/18.1/nios2eds/bin/gnu/h-x86_64-mingw32/bin/../lib/gcc/nios2-elf/5.3.0/../../../../../H-x86_64-mingw32/nios2-elf/lib\libc.a(lib_a-atexit.o)
 .debug_abbrev  0x00000000000034a2       0x5d c:/intelfpga/18.1/nios2eds/bin/gnu/h-x86_64-mingw32/bin/../lib/gcc/nios2-elf/5.3.0/../../../../../H-x86_64-mingw32/nios2-elf/lib\libc.a(lib_a-ctype_.o)
 .debug_abbrev  0x00000000000034ff      0x1e5 c:/intelfpga/18.1/nios2eds/bin/gnu/h-x86_64-mingw32/bin/../lib/gcc/nios2-elf/5.3.0/../../../../../H-x86_64-mingw32/nios2-elf/lib\libc.a(lib_a-exit.o)
 .debug_abbrev  0x00000000000036e4      0x18f c:/intelfpga/18.1/nios2eds/bin/gnu/h-x86_64-mingw32/bin/../lib/gcc/nios2-elf/5.3.0/../../../../../H-x86_64-mingw32/nios2-elf/lib\libc.a(lib_a-impure.o)
 .debug_abbrev  0x0000000000003873       0x37 c:/intelfpga/18.1/nios2eds/bin/gnu/h-x86_64-mingw32/bin/../lib/gcc/nios2-elf/5.3.0/../../../../../H-x86_64-mingw32/nios2-elf/lib\libc.a(lib_a-int_errno.o)
 .debug_abbrev  0x00000000000038aa       0x7f c:/intelfpga/18.1/nios2eds/bin/gnu/h-x86_64-mingw32/bin/../lib/gcc/nios2-elf/5.3.0/../../../../../H-x86_64-mingw32/nios2-elf/lib\libc.a(lib_a-memcmp.o)
 .debug_abbrev  0x0000000000003929       0xa3 c:/intelfpga/18.1/nios2eds/bin/gnu/h-x86_64-mingw32/bin/../lib/gcc/nios2-elf/5.3.0/../../../../../H-x86_64-mingw32/nios2-elf/lib\libc.a(lib_a-memcpy.o)
 .debug_abbrev  0x00000000000039cc       0xae c:/intelfpga/18.1/nios2eds/bin/gnu/h-x86_64-mingw32/bin/../lib/gcc/nios2-elf/5.3.0/../../../../../H-x86_64-mingw32/nios2-elf/lib\libc.a(lib_a-memset.o)
 .debug_abbrev  0x0000000000003a7a       0x90 c:/intelfpga/18.1/nios2eds/bin/gnu/h-x86_64-mingw32/bin/../lib/gcc/nios2-elf/5.3.0/../../../../../H-x86_64-mingw32/nios2-elf/lib\libc.a(lib_a-strlen.o)
 .debug_abbrev  0x0000000000003b0a      0x21e c:/intelfpga/18.1/nios2eds/bin/gnu/h-x86_64-mingw32/bin/../lib/gcc/nios2-elf/5.3.0/../../../../../H-x86_64-mingw32/nios2-elf/lib\libc.a(lib_a-__atexit.o)
 .debug_abbrev  0x0000000000003d28      0x22e c:/intelfpga/18.1/nios2eds/bin/gnu/h-x86_64-mingw32/bin/../lib/gcc/nios2-elf/5.3.0/../../../../../H-x86_64-mingw32/nios2-elf/lib\libc.a(lib_a-__call_atexit.o)
 .debug_abbrev  0x0000000000003f56      0x10e c:/intelfpga/18.1/nios2eds/bin/gnu/h-x86_64-mingw32/bin/../lib/gcc/nios2-elf/5.3.0\libgcc.a(lib2-divmod.o)
 .debug_abbrev  0x0000000000004064       0xa9 ../303_2_bsp/\libhal_bsp.a(alt_exit.o)

.debug_line     0x0000000000000000     0x6505
 *(.debug_line)
 .debug_line    0x0000000000000000       0x72 ../303_2_bsp//obj/HAL/src/crt0.o
 .debug_line    0x0000000000000072      0x102 obj/default/c_heart.o
 .debug_line    0x0000000000000174      0x12d obj/default/main.o
 .debug_line    0x00000000000002a1     0x1f11 obj/default/scchart_heart.o
 .debug_line    0x00000000000021b2       0x70 obj/default/uart.o
 .debug_line    0x0000000000002222      0x37b c:/intelfpga/18.1/nios2eds/bin/gnu/h-x86_64-mingw32/bin/../lib/gcc/nios2-elf/5.3.0\libgcc.a(adddf3.o)
 .debug_line    0x000000000000259d       0xcb c:/intelfpga/18.1/nios2eds/bin/gnu/h-x86_64-mingw32/bin/../lib/gcc/nios2-elf/5.3.0\libgcc.a(gedf2.o)
 .debug_line    0x0000000000002668       0xe3 c:/intelfpga/18.1/nios2eds/bin/gnu/h-x86_64-mingw32/bin/../lib/gcc/nios2-elf/5.3.0\libgcc.a(ledf2.o)
 .debug_line    0x000000000000274b      0x3a8 c:/intelfpga/18.1/nios2eds/bin/gnu/h-x86_64-mingw32/bin/../lib/gcc/nios2-elf/5.3.0\libgcc.a(subdf3.o)
 .debug_line    0x0000000000002af3       0x9f c:/intelfpga/18.1/nios2eds/bin/gnu/h-x86_64-mingw32/bin/../lib/gcc/nios2-elf/5.3.0\libgcc.a(floatsidf.o)
 .debug_line    0x0000000000002b92       0xb7 c:/intelfpga/18.1/nios2eds/bin/gnu/h-x86_64-mingw32/bin/../lib/gcc/nios2-elf/5.3.0\libgcc.a(_clzsi2.o)
 .debug_line    0x0000000000002c49       0x53 c:/intelfpga/18.1/nios2eds/bin/gnu/h-x86_64-mingw32/bin/../lib/gcc/nios2-elf/5.3.0\libgcc.a(_clz.o)
 .debug_line    0x0000000000002c9c       0xf9 ../303_2_bsp/\libhal_bsp.a(alt_alarm_start.o)
 .debug_line    0x0000000000002d95       0x8e ../303_2_bsp/\libhal_bsp.a(alt_load.o)
 .debug_line    0x0000000000002e23       0xa4 ../303_2_bsp/\libhal_bsp.a(alt_main.o)
 .debug_line    0x0000000000002ec7       0xff ../303_2_bsp/\libhal_bsp.a(alt_tick.o)
 .debug_line    0x0000000000002fc6      0x1c5 ../303_2_bsp/\libhal_bsp.a(alt_sys_init.o)
 .debug_line    0x000000000000318b      0x12f ../303_2_bsp/\libhal_bsp.a(altera_avalon_jtag_uart_fd.o)
 .debug_line    0x00000000000032ba      0x18b ../303_2_bsp/\libhal_bsp.a(altera_avalon_jtag_uart_init.o)
 .debug_line    0x0000000000003445      0x131 ../303_2_bsp/\libhal_bsp.a(altera_avalon_jtag_uart_ioctl.o)
 .debug_line    0x0000000000003576      0x171 ../303_2_bsp/\libhal_bsp.a(altera_avalon_jtag_uart_read.o)
 .debug_line    0x00000000000036e7      0x170 ../303_2_bsp/\libhal_bsp.a(altera_avalon_jtag_uart_write.o)
 .debug_line    0x0000000000003857      0x33e ../303_2_bsp/\libhal_bsp.a(altera_avalon_lcd_16207.o)
 .debug_line    0x0000000000003b95      0x119 ../303_2_bsp/\libhal_bsp.a(altera_avalon_lcd_16207_fd.o)
 .debug_line    0x0000000000003cae       0xfd ../303_2_bsp/\libhal_bsp.a(altera_avalon_timer_sc.o)
 .debug_line    0x0000000000003dab       0xee ../303_2_bsp/\libhal_bsp.a(altera_avalon_uart_fd.o)
 .debug_line    0x0000000000003e99      0x18f ../303_2_bsp/\libhal_bsp.a(altera_avalon_uart_init.o)
 .debug_line    0x0000000000004028      0x17e ../303_2_bsp/\libhal_bsp.a(altera_avalon_uart_read.o)
 .debug_line    0x00000000000041a6      0x165 ../303_2_bsp/\libhal_bsp.a(altera_avalon_uart_write.o)
 .debug_line    0x000000000000430b      0x160 ../303_2_bsp/\libhal_bsp.a(alt_close.o)
 .debug_line    0x000000000000446b       0x61 ../303_2_bsp/\libhal_bsp.a(alt_dcache_flush_all.o)
 .debug_line    0x00000000000044cc       0xf3 ../303_2_bsp/\libhal_bsp.a(alt_dev.o)
 .debug_line    0x00000000000045bf       0xcf ../303_2_bsp/\libhal_bsp.a(alt_dev_llist_insert.o)
 .debug_line    0x000000000000468e       0x59 ../303_2_bsp/\libhal_bsp.a(alt_do_ctors.o)
 .debug_line    0x00000000000046e7       0x59 ../303_2_bsp/\libhal_bsp.a(alt_do_dtors.o)
 .debug_line    0x0000000000004740       0x51 ../303_2_bsp/\libhal_bsp.a(alt_errno.o)
 .debug_line    0x0000000000004791       0x50 ../303_2_bsp/\libhal_bsp.a(alt_icache_flush_all.o)
 .debug_line    0x00000000000047e1       0xeb ../303_2_bsp/\libhal_bsp.a(alt_iic.o)
 .debug_line    0x00000000000048cc       0xdb ../303_2_bsp/\libhal_bsp.a(alt_iic_isr_register.o)
 .debug_line    0x00000000000049a7      0x12e ../303_2_bsp/\libhal_bsp.a(alt_io_redirect.o)
 .debug_line    0x0000000000004ad5       0x6b ../303_2_bsp/\libhal_bsp.a(alt_irq_entry.o)
 .debug_line    0x0000000000004b40       0xaa ../303_2_bsp/\libhal_bsp.a(alt_irq_handler.o)
 .debug_line    0x0000000000004bea       0x50 ../303_2_bsp/\libhal_bsp.a(alt_irq_vars.o)
 .debug_line    0x0000000000004c3a      0x128 ../303_2_bsp/\libhal_bsp.a(alt_open.o)
 .debug_line    0x0000000000004d62       0xae ../303_2_bsp/\libhal_bsp.a(alt_release_fd.o)
 .debug_line    0x0000000000004e10       0xa8 ../303_2_bsp/\libhal_bsp.a(alt_usleep.o)
 .debug_line    0x0000000000004eb8       0x51 ../303_2_bsp/\libhal_bsp.a(altera_nios2_gen2_irq.o)
 .debug_line    0x0000000000004f09       0xa0 ../303_2_bsp/\libhal_bsp.a(alt_busy_sleep.o)
 .debug_line    0x0000000000004fa9       0xb3 ../303_2_bsp/\libhal_bsp.a(alt_exception_entry.o)
 .debug_line    0x000000000000505c       0xb5 ../303_2_bsp/\libhal_bsp.a(alt_find_dev.o)
 .debug_line    0x0000000000005111       0xd1 ../303_2_bsp/\libhal_bsp.a(alt_find_file.o)
 .debug_line    0x00000000000051e2       0xd4 ../303_2_bsp/\libhal_bsp.a(alt_get_fd.o)
 .debug_line    0x00000000000052b6       0x81 ../303_2_bsp/\libhal_bsp.a(alt_icache_flush.o)
 .debug_line    0x0000000000005337       0xba ../303_2_bsp/\libhal_bsp.a(alt_instruction_exception_entry.o)
 .debug_line    0x00000000000053f1       0xe4 c:/intelfpga/18.1/nios2eds/bin/gnu/h-x86_64-mingw32/bin/../lib/gcc/nios2-elf/5.3.0/../../../../../H-x86_64-mingw32/nios2-elf/lib\libc.a(lib_a-atexit.o)
 .debug_line    0x00000000000054d5       0xc4 c:/intelfpga/18.1/nios2eds/bin/gnu/h-x86_64-mingw32/bin/../lib/gcc/nios2-elf/5.3.0/../../../../../H-x86_64-mingw32/nios2-elf/lib\libc.a(lib_a-ctype_.o)
 .debug_line    0x0000000000005599      0x1f9 c:/intelfpga/18.1/nios2eds/bin/gnu/h-x86_64-mingw32/bin/../lib/gcc/nios2-elf/5.3.0/../../../../../H-x86_64-mingw32/nios2-elf/lib\libc.a(lib_a-exit.o)
 .debug_line    0x0000000000005792      0x15d c:/intelfpga/18.1/nios2eds/bin/gnu/h-x86_64-mingw32/bin/../lib/gcc/nios2-elf/5.3.0/../../../../../H-x86_64-mingw32/nios2-elf/lib\libc.a(lib_a-impure.o)
 .debug_line    0x00000000000058ef       0x5c c:/intelfpga/18.1/nios2eds/bin/gnu/h-x86_64-mingw32/bin/../lib/gcc/nios2-elf/5.3.0/../../../../../H-x86_64-mingw32/nios2-elf/lib\libc.a(lib_a-int_errno.o)
 .debug_line    0x000000000000594b      0x173 c:/intelfpga/18.1/nios2eds/bin/gnu/h-x86_64-mingw32/bin/../lib/gcc/nios2-elf/5.3.0/../../../../../H-x86_64-mingw32/nios2-elf/lib\libc.a(lib_a-memcmp.o)
 .debug_line    0x0000000000005abe      0x189 c:/intelfpga/18.1/nios2eds/bin/gnu/h-x86_64-mingw32/bin/../lib/gcc/nios2-elf/5.3.0/../../../../../H-x86_64-mingw32/nios2-elf/lib\libc.a(lib_a-memcpy.o)
 .debug_line    0x0000000000005c47      0x18c c:/intelfpga/18.1/nios2eds/bin/gnu/h-x86_64-mingw32/bin/../lib/gcc/nios2-elf/5.3.0/../../../../../H-x86_64-mingw32/nios2-elf/lib\libc.a(lib_a-memset.o)
 .debug_line    0x0000000000005dd3      0x16c c:/intelfpga/18.1/nios2eds/bin/gnu/h-x86_64-mingw32/bin/../lib/gcc/nios2-elf/5.3.0/../../../../../H-x86_64-mingw32/nios2-elf/lib\libc.a(lib_a-strlen.o)
 .debug_line    0x0000000000005f3f      0x21c c:/intelfpga/18.1/nios2eds/bin/gnu/h-x86_64-mingw32/bin/../lib/gcc/nios2-elf/5.3.0/../../../../../H-x86_64-mingw32/nios2-elf/lib\libc.a(lib_a-__atexit.o)
 .debug_line    0x000000000000615b      0x237 c:/intelfpga/18.1/nios2eds/bin/gnu/h-x86_64-mingw32/bin/../lib/gcc/nios2-elf/5.3.0/../../../../../H-x86_64-mingw32/nios2-elf/lib\libc.a(lib_a-__call_atexit.o)
 .debug_line    0x0000000000006392      0x102 c:/intelfpga/18.1/nios2eds/bin/gnu/h-x86_64-mingw32/bin/../lib/gcc/nios2-elf/5.3.0\libgcc.a(lib2-divmod.o)
 .debug_line    0x0000000000006494       0x71 ../303_2_bsp/\libhal_bsp.a(alt_exit.o)

.debug_frame    0x0000000000000000     0x12e8
 *(.debug_frame)
 .debug_frame   0x0000000000000000      0x114 obj/default/c_heart.o
 .debug_frame   0x0000000000000114       0x54 obj/default/main.o
 .debug_frame   0x0000000000000168       0x94 obj/default/scchart_heart.o
 .debug_frame   0x00000000000001fc       0x58 obj/default/uart.o
 .debug_frame   0x0000000000000254       0x40 c:/intelfpga/18.1/nios2eds/bin/gnu/h-x86_64-mingw32/bin/../lib/gcc/nios2-elf/5.3.0\libgcc.a(adddf3.o)
 .debug_frame   0x0000000000000294       0x20 c:/intelfpga/18.1/nios2eds/bin/gnu/h-x86_64-mingw32/bin/../lib/gcc/nios2-elf/5.3.0\libgcc.a(gedf2.o)
 .debug_frame   0x00000000000002b4       0x20 c:/intelfpga/18.1/nios2eds/bin/gnu/h-x86_64-mingw32/bin/../lib/gcc/nios2-elf/5.3.0\libgcc.a(ledf2.o)
 .debug_frame   0x00000000000002d4       0x44 c:/intelfpga/18.1/nios2eds/bin/gnu/h-x86_64-mingw32/bin/../lib/gcc/nios2-elf/5.3.0\libgcc.a(subdf3.o)
 .debug_frame   0x0000000000000318       0x38 c:/intelfpga/18.1/nios2eds/bin/gnu/h-x86_64-mingw32/bin/../lib/gcc/nios2-elf/5.3.0\libgcc.a(floatsidf.o)
 .debug_frame   0x0000000000000350       0x20 c:/intelfpga/18.1/nios2eds/bin/gnu/h-x86_64-mingw32/bin/../lib/gcc/nios2-elf/5.3.0\libgcc.a(_clzsi2.o)
 .debug_frame   0x0000000000000370       0x34 ../303_2_bsp/\libhal_bsp.a(alt_alarm_start.o)
 .debug_frame   0x00000000000003a4       0x5c ../303_2_bsp/\libhal_bsp.a(alt_load.o)
 .debug_frame   0x0000000000000400       0x2c ../303_2_bsp/\libhal_bsp.a(alt_main.o)
 .debug_frame   0x000000000000042c       0x5c ../303_2_bsp/\libhal_bsp.a(alt_tick.o)
 .debug_frame   0x0000000000000488       0x88 ../303_2_bsp/\libhal_bsp.a(alt_sys_init.o)
 .debug_frame   0x0000000000000510       0xb0 ../303_2_bsp/\libhal_bsp.a(altera_avalon_jtag_uart_fd.o)
 .debug_frame   0x00000000000005c0       0xa4 ../303_2_bsp/\libhal_bsp.a(altera_avalon_jtag_uart_init.o)
 .debug_frame   0x0000000000000664       0x34 ../303_2_bsp/\libhal_bsp.a(altera_avalon_jtag_uart_ioctl.o)
 .debug_frame   0x0000000000000698       0x38 ../303_2_bsp/\libhal_bsp.a(altera_avalon_jtag_uart_read.o)
 .debug_frame   0x00000000000006d0       0x38 ../303_2_bsp/\libhal_bsp.a(altera_avalon_jtag_uart_write.o)
 .debug_frame   0x0000000000000708      0x178 ../303_2_bsp/\libhal_bsp.a(altera_avalon_lcd_16207.o)
 .debug_frame   0x0000000000000880       0x38 ../303_2_bsp/\libhal_bsp.a(altera_avalon_lcd_16207_fd.o)
 .debug_frame   0x00000000000008b8       0x60 ../303_2_bsp/\libhal_bsp.a(altera_avalon_timer_sc.o)
 .debug_frame   0x0000000000000918       0x88 ../303_2_bsp/\libhal_bsp.a(altera_avalon_uart_fd.o)
 .debug_frame   0x00000000000009a0       0xcc ../303_2_bsp/\libhal_bsp.a(altera_avalon_uart_init.o)
 .debug_frame   0x0000000000000a6c       0x60 ../303_2_bsp/\libhal_bsp.a(altera_avalon_uart_read.o)
 .debug_frame   0x0000000000000acc       0x60 ../303_2_bsp/\libhal_bsp.a(altera_avalon_uart_write.o)
 .debug_frame   0x0000000000000b2c       0x60 ../303_2_bsp/\libhal_bsp.a(alt_close.o)
 .debug_frame   0x0000000000000b8c       0x34 ../303_2_bsp/\libhal_bsp.a(alt_dcache_flush_all.o)
 .debug_frame   0x0000000000000bc0       0x34 ../303_2_bsp/\libhal_bsp.a(alt_dev.o)
 .debug_frame   0x0000000000000bf4       0x60 ../303_2_bsp/\libhal_bsp.a(alt_dev_llist_insert.o)
 .debug_frame   0x0000000000000c54       0x38 ../303_2_bsp/\libhal_bsp.a(alt_do_ctors.o)
 .debug_frame   0x0000000000000c8c       0x38 ../303_2_bsp/\libhal_bsp.a(alt_do_dtors.o)
 .debug_frame   0x0000000000000cc4       0x38 ../303_2_bsp/\libhal_bsp.a(alt_icache_flush_all.o)
 .debug_frame   0x0000000000000cfc       0xa4 ../303_2_bsp/\libhal_bsp.a(alt_iic.o)
 .debug_frame   0x0000000000000da0       0x38 ../303_2_bsp/\libhal_bsp.a(alt_iic_isr_register.o)
 .debug_frame   0x0000000000000dd8       0x60 ../303_2_bsp/\libhal_bsp.a(alt_io_redirect.o)
 .debug_frame   0x0000000000000e38       0x38 ../303_2_bsp/\libhal_bsp.a(alt_irq_handler.o)
 .debug_frame   0x0000000000000e70       0x84 ../303_2_bsp/\libhal_bsp.a(alt_open.o)
 .debug_frame   0x0000000000000ef4       0x34 ../303_2_bsp/\libhal_bsp.a(alt_release_fd.o)
 .debug_frame   0x0000000000000f28       0x38 ../303_2_bsp/\libhal_bsp.a(alt_usleep.o)
 .debug_frame   0x0000000000000f60       0x34 ../303_2_bsp/\libhal_bsp.a(altera_nios2_gen2_irq.o)
 .debug_frame   0x0000000000000f94       0x38 ../303_2_bsp/\libhal_bsp.a(alt_busy_sleep.o)
 .debug_frame   0x0000000000000fcc       0x38 ../303_2_bsp/\libhal_bsp.a(alt_find_dev.o)
 .debug_frame   0x0000000000001004       0x38 ../303_2_bsp/\libhal_bsp.a(alt_find_file.o)
 .debug_frame   0x000000000000103c       0x34 ../303_2_bsp/\libhal_bsp.a(alt_get_fd.o)
 .debug_frame   0x0000000000001070       0x34 ../303_2_bsp/\libhal_bsp.a(alt_icache_flush.o)
 .debug_frame   0x00000000000010a4       0x5c ../303_2_bsp/\libhal_bsp.a(alt_instruction_exception_entry.o)
 .debug_frame   0x0000000000001100       0x20 c:/intelfpga/18.1/nios2eds/bin/gnu/h-x86_64-mingw32/bin/../lib/gcc/nios2-elf/5.3.0/../../../../../H-x86_64-mingw32/nios2-elf/lib\libc.a(lib_a-atexit.o)
 .debug_frame   0x0000000000001120       0x28 c:/intelfpga/18.1/nios2eds/bin/gnu/h-x86_64-mingw32/bin/../lib/gcc/nios2-elf/5.3.0/../../../../../H-x86_64-mingw32/nios2-elf/lib\libc.a(lib_a-exit.o)
 .debug_frame   0x0000000000001148       0x20 c:/intelfpga/18.1/nios2eds/bin/gnu/h-x86_64-mingw32/bin/../lib/gcc/nios2-elf/5.3.0/../../../../../H-x86_64-mingw32/nios2-elf/lib\libc.a(lib_a-memcmp.o)
 .debug_frame   0x0000000000001168       0x38 c:/intelfpga/18.1/nios2eds/bin/gnu/h-x86_64-mingw32/bin/../lib/gcc/nios2-elf/5.3.0/../../../../../H-x86_64-mingw32/nios2-elf/lib\libc.a(lib_a-memcpy.o)
 .debug_frame   0x00000000000011a0       0x20 c:/intelfpga/18.1/nios2eds/bin/gnu/h-x86_64-mingw32/bin/../lib/gcc/nios2-elf/5.3.0/../../../../../H-x86_64-mingw32/nios2-elf/lib\libc.a(lib_a-memset.o)
 .debug_frame   0x00000000000011c0       0x20 c:/intelfpga/18.1/nios2eds/bin/gnu/h-x86_64-mingw32/bin/../lib/gcc/nios2-elf/5.3.0/../../../../../H-x86_64-mingw32/nios2-elf/lib\libc.a(lib_a-strlen.o)
 .debug_frame   0x00000000000011e0       0x38 c:/intelfpga/18.1/nios2eds/bin/gnu/h-x86_64-mingw32/bin/../lib/gcc/nios2-elf/5.3.0/../../../../../H-x86_64-mingw32/nios2-elf/lib\libc.a(lib_a-__atexit.o)
 .debug_frame   0x0000000000001218       0x54 c:/intelfpga/18.1/nios2eds/bin/gnu/h-x86_64-mingw32/bin/../lib/gcc/nios2-elf/5.3.0/../../../../../H-x86_64-mingw32/nios2-elf/lib\libc.a(lib_a-__call_atexit.o)
 .debug_frame   0x000000000000126c       0x50 c:/intelfpga/18.1/nios2eds/bin/gnu/h-x86_64-mingw32/bin/../lib/gcc/nios2-elf/5.3.0\libgcc.a(lib2-divmod.o)
 .debug_frame   0x00000000000012bc       0x2c ../303_2_bsp/\libhal_bsp.a(alt_exit.o)

.debug_str      0x0000000000000000     0x30f9
 *(.debug_str)
 .debug_str     0x0000000000000000      0x214 obj/default/c_heart.o